Component: ARM Compiler 5.05 update 1 (build 106) Tool: armlink [4d0efa]

==============================================================================

Section Cross References

    main.o(i.main) refers to delay.o(i.delay_init) for delay_init
    main.o(i.main) refers to misc.o(i.NVIC_PriorityGroupConfig) for NVIC_PriorityGroupConfig
    main.o(i.main) refers to usart.o(i.uart_init) for uart_init
    main.o(i.main) refers to key.o(i.KEY_Init) for KEY_Init
    main.o(i.main) refers to led.o(i.LED_Init) for LED_Init
    main.o(i.main) refers to lcd.o(i.LCD_Init) for LCD_Init
    main.o(i.main) refers to adc.o(i.Adc_Init) for Adc_Init
    main.o(i.main) refers to dac.o(i.Dac1_Init) for Dac1_Init
    main.o(i.main) refers to lcd.o(i.LCD_ShowString) for LCD_ShowString
    main.o(i.main) refers to stm32f10x_dac.o(i.DAC_SetChannel1Data) for DAC_SetChannel1Data
    main.o(i.main) refers to key.o(i.KEY_Scan) for KEY_Scan
    main.o(i.main) refers to stm32f10x_dac.o(i.DAC_GetDataOutputValue) for DAC_GetDataOutputValue
    main.o(i.main) refers to lcd.o(i.LCD_ShowxNum) for LCD_ShowxNum
    main.o(i.main) refers to fflt_clz.o(x$fpl$ffltu) for __aeabi_ui2f
    main.o(i.main) refers to f2d.o(x$fpl$f2d) for __aeabi_f2d
    main.o(i.main) refers to dmul.o(x$fpl$dmul) for __aeabi_dmul
    main.o(i.main) refers to d2f.o(x$fpl$d2f) for __aeabi_d2f
    main.o(i.main) refers to ffixu.o(x$fpl$ffixu) for __aeabi_f2uiz
    main.o(i.main) refers to faddsub_clz.o(x$fpl$frsb) for __aeabi_frsub
    main.o(i.main) refers to fmul.o(x$fpl$fmul) for __aeabi_fmul
    main.o(i.main) refers to adc.o(i.Get_Adc_Average) for Get_Adc_Average
    main.o(i.main) refers to delay.o(i.delay_ms) for delay_ms
    main.o(i.main) refers to lcd.o(.data) for POINT_COLOR
    system_stm32f10x.o(i.SetSysClock) refers to system_stm32f10x.o(i.SetSysClockTo72) for SetSysClockTo72
    system_stm32f10x.o(i.SystemCoreClockUpdate) refers to system_stm32f10x.o(.data) for SystemCoreClock
    system_stm32f10x.o(i.SystemInit) refers to system_stm32f10x.o(i.SetSysClock) for SetSysClock
    startup_stm32f10x_hd.o(STACK) refers (Special) to heapauxi.o(.text) for __use_two_region_memory
    startup_stm32f10x_hd.o(HEAP) refers (Special) to heapauxi.o(.text) for __use_two_region_memory
    startup_stm32f10x_hd.o(RESET) refers (Special) to heapauxi.o(.text) for __use_two_region_memory
    startup_stm32f10x_hd.o(RESET) refers to startup_stm32f10x_hd.o(STACK) for __initial_sp
    startup_stm32f10x_hd.o(RESET) refers to startup_stm32f10x_hd.o(.text) for Reset_Handler
    startup_stm32f10x_hd.o(RESET) refers to stm32f10x_it.o(i.NMI_Handler) for NMI_Handler
    startup_stm32f10x_hd.o(RESET) refers to stm32f10x_it.o(i.HardFault_Handler) for HardFault_Handler
    startup_stm32f10x_hd.o(RESET) refers to stm32f10x_it.o(i.MemManage_Handler) for MemManage_Handler
    startup_stm32f10x_hd.o(RESET) refers to stm32f10x_it.o(i.BusFault_Handler) for BusFault_Handler
    startup_stm32f10x_hd.o(RESET) refers to stm32f10x_it.o(i.UsageFault_Handler) for UsageFault_Handler
    startup_stm32f10x_hd.o(RESET) refers to stm32f10x_it.o(i.SVC_Handler) for SVC_Handler
    startup_stm32f10x_hd.o(RESET) refers to stm32f10x_it.o(i.DebugMon_Handler) for DebugMon_Handler
    startup_stm32f10x_hd.o(RESET) refers to stm32f10x_it.o(i.PendSV_Handler) for PendSV_Handler
    startup_stm32f10x_hd.o(RESET) refers to stm32f10x_it.o(i.SysTick_Handler) for SysTick_Handler
    startup_stm32f10x_hd.o(RESET) refers to usart.o(i.USART1_IRQHandler) for USART1_IRQHandler
    startup_stm32f10x_hd.o(.text) refers (Special) to heapauxi.o(.text) for __use_two_region_memory
    startup_stm32f10x_hd.o(.text) refers to system_stm32f10x.o(i.SystemInit) for SystemInit
    startup_stm32f10x_hd.o(.text) refers to __main.o(!!!main) for __main
    startup_stm32f10x_hd.o(.text) refers to startup_stm32f10x_hd.o(HEAP) for Heap_Mem
    startup_stm32f10x_hd.o(.text) refers to startup_stm32f10x_hd.o(STACK) for Stack_Mem
    delay.o(i.delay_init) refers to misc.o(i.SysTick_CLKSourceConfig) for SysTick_CLKSourceConfig
    delay.o(i.delay_init) refers to system_stm32f10x.o(.data) for SystemCoreClock
    delay.o(i.delay_init) refers to delay.o(.data) for fac_us
    delay.o(i.delay_ms) refers to delay.o(.data) for fac_ms
    delay.o(i.delay_us) refers to delay.o(.data) for fac_us
    usart.o(i.USART1_IRQHandler) refers (Special) to use_no_semi_2.o(.text) for __use_no_semihosting
    usart.o(i.USART1_IRQHandler) refers to stm32f10x_usart.o(i.USART_GetITStatus) for USART_GetITStatus
    usart.o(i.USART1_IRQHandler) refers to stm32f10x_usart.o(i.USART_ReceiveData) for USART_ReceiveData
    usart.o(i.USART1_IRQHandler) refers to usart.o(.data) for USART_RX_STA
    usart.o(i.USART1_IRQHandler) refers to usart.o(.bss) for USART_RX_BUF
    usart.o(i._sys_exit) refers (Special) to use_no_semi_2.o(.text) for __use_no_semihosting
    usart.o(i.fputc) refers (Special) to use_no_semi_2.o(.text) for __use_no_semihosting
[...]
    Removing stm32f10x_rcc.o(i.RCC_GetFlagStatus), (60 bytes).
    Removing stm32f10x_rcc.o(i.RCC_GetITStatus), (24 bytes).
    Removing stm32f10x_rcc.o(i.RCC_GetSYSCLKSource), (16 bytes).
    Removing stm32f10x_rcc.o(i.RCC_HCLKConfig), (24 bytes).
    Removing stm32f10x_rcc.o(i.RCC_HSEConfig), (76 bytes).
    Removing stm32f10x_rcc.o(i.RCC_HSICmd), (12 bytes).
    Removing stm32f10x_rcc.o(i.RCC_ITConfig), (32 bytes).
    Removing stm32f10x_rcc.o(i.RCC_LSEConfig), (52 bytes).
    Removing stm32f10x_rcc.o(i.RCC_LSICmd), (12 bytes).
    Removing stm32f10x_rcc.o(i.RCC_MCOConfig), (12 bytes).
    Removing stm32f10x_rcc.o(i.RCC_PCLK1Config), (24 bytes).
    Removing stm32f10x_rcc.o(i.RCC_PCLK2Config), (24 bytes).
    Removing stm32f10x_rcc.o(i.RCC_PLLCmd), (12 bytes).
    Removing stm32f10x_rcc.o(i.RCC_PLLConfig), (28 bytes).
    Removing stm32f10x_rcc.o(i.RCC_RTCCLKCmd), (12 bytes).
    Removing stm32f10x_rcc.o(i.RCC_RTCCLKConfig), (16 bytes).
    Removing stm32f10x_rcc.o(i.RCC_SYSCLKConfig), (24 bytes).
    Removing stm32f10x_rcc.o(i.RCC_USBCLKConfig), (12 bytes).
    Removing stm32f10x_rcc.o(i.RCC_WaitForHSEStartUp), (56 bytes).
    Removing stm32f10x_usart.o(i.USART_ClearFlag), (18 bytes).
    Removing stm32f10x_usart.o(i.USART_ClearITPendingBit), (30 bytes).
    Removing stm32f10x_usart.o(i.USART_ClockInit), (34 bytes).
    Removing stm32f10x_usart.o(i.USART_ClockStructInit), (12 bytes).
    Removing stm32f10x_usart.o(i.USART_DMACmd), (18 bytes).
    Removing stm32f10x_usart.o(i.USART_DeInit), (156 bytes).
    Removing stm32f10x_usart.o(i.USART_GetFlagStatus), (26 bytes).
    Removing stm32f10x_usart.o(i.USART_HalfDuplexCmd), (24 bytes).
    Removing stm32f10x_usart.o(i.USART_IrDACmd), (24 bytes).
    Removing stm32f10x_usart.o(i.USART_IrDAConfig), (18 bytes).
    Removing stm32f10x_usart.o(i.USART_LINBreakDetectLengthConfig), (18 bytes).
    Removing stm32f10x_usart.o(i.USART_LINCmd), (24 bytes).
    Removing stm32f10x_usart.o(i.USART_OneBitMethodCmd), (24 bytes).
    Removing stm32f10x_usart.o(i.USART_OverSampling8Cmd), (22 bytes).
    Removing stm32f10x_usart.o(i.USART_ReceiverWakeUpCmd), (24 bytes).
    Removing stm32f10x_usart.o(i.USART_SendBreak), (10 bytes).
    Removing stm32f10x_usart.o(i.USART_SendData), (8 bytes).
    Removing stm32f10x_usart.o(i.USART_SetAddress), (18 bytes).
    Removing stm32f10x_usart.o(i.USART_SetGuardTime), (16 bytes).
    Removing stm32f10x_usart.o(i.USART_SetPrescaler), (16 bytes).
    Removing stm32f10x_usart.o(i.USART_SmartCardCmd), (24 bytes).
    Removing stm32f10x_usart.o(i.USART_SmartCardNACKCmd), (24 bytes).
    Removing stm32f10x_usart.o(i.USART_StructInit), (24 bytes).
    Removing stm32f10x_usart.o(i.USART_WakeUpConfig), (18 bytes).
    Removing stm32f10x_tim.o(i.TI1_Config), (128 bytes).
    Removing stm32f10x_tim.o(i.TI2_Config), (152 bytes).
    Removing stm32f10x_tim.o(i.TI3_Config), (144 bytes).
    Removing stm32f10x_tim.o(i.TI4_Config), (152 bytes).
    Removing stm32f10x_tim.o(i.TIM_ARRPreloadConfig), (24 bytes).
    Removing stm32f10x_tim.o(i.TIM_BDTRConfig), (32 bytes).
    Removing stm32f10x_tim.o(i.TIM_BDTRStructInit), (18 bytes).
    Removing stm32f10x_tim.o(i.TIM_CCPreloadControl), (24 bytes).
    Removing stm32f10x_tim.o(i.TIM_CCxCmd), (30 bytes).
    Removing stm32f10x_tim.o(i.TIM_CCxNCmd), (30 bytes).
    Removing stm32f10x_tim.o(i.TIM_ClearFlag), (6 bytes).
    Removing stm32f10x_tim.o(i.TIM_ClearITPendingBit), (6 bytes).
    Removing stm32f10x_tim.o(i.TIM_ClearOC1Ref), (18 bytes).
    Removing stm32f10x_tim.o(i.TIM_ClearOC2Ref), (24 bytes).
    Removing stm32f10x_tim.o(i.TIM_ClearOC3Ref), (18 bytes).
    Removing stm32f10x_tim.o(i.TIM_ClearOC4Ref), (24 bytes).
    Removing stm32f10x_tim.o(i.TIM_Cmd), (24 bytes).
    Removing stm32f10x_tim.o(i.TIM_CounterModeConfig), (18 bytes).
    Removing stm32f10x_tim.o(i.TIM_CtrlPWMOutputs), (30 bytes).
    Removing stm32f10x_tim.o(i.TIM_DMACmd), (18 bytes).
    Removing stm32f10x_tim.o(i.TIM_DMAConfig), (10 bytes).
    Removing stm32f10x_tim.o(i.TIM_DeInit), (488 bytes).
    Removing stm32f10x_tim.o(i.TIM_ETRClockMode1Config), (54 bytes).
    Removing stm32f10x_tim.o(i.TIM_ETRClockMode2Config), (32 bytes).
    Removing stm32f10x_tim.o(i.TIM_ETRConfig), (28 bytes).
    Removing stm32f10x_tim.o(i.TIM_EncoderInterfaceConfig), (66 bytes).
    Removing stm32f10x_tim.o(i.TIM_ForcedOC1Config), (18 bytes).
    Removing stm32f10x_tim.o(i.TIM_ForcedOC2Config), (26 bytes).
    Removing stm32f10x_tim.o(i.TIM_ForcedOC3Config), (18 bytes).
    Removing stm32f10x_tim.o(i.TIM_ForcedOC4Config), (26 bytes).
    Removing stm32f10x_tim.o(i.TIM_GenerateEvent), (4 bytes).
    Removing stm32f10x_tim.o(i.TIM_GetCapture1), (6 bytes).
    Removing stm32f10x_tim.o(i.TIM_GetCapture2), (6 bytes).
    Removing stm32f10x_tim.o(i.TIM_GetCapture3), (6 bytes).
    Removing stm32f10x_tim.o(i.TIM_GetCapture4), (8 bytes).
    Removing stm32f10x_tim.o(i.TIM_GetCounter), (6 bytes).
    Removing stm32f10x_tim.o(i.TIM_GetFlagStatus), (18 bytes).
    Removing stm32f10x_tim.o(i.TIM_GetITStatus), (34 bytes).
    Removing stm32f10x_tim.o(i.TIM_GetPrescaler), (6 bytes).
    Removing stm32f10x_tim.o(i.TIM_ICInit), (172 bytes).
    Removing stm32f10x_tim.o(i.TIM_ICStructInit), (18 bytes).
    Removing stm32f10x_tim.o(i.TIM_ITConfig), (18 bytes).
    Removing stm32f10x_tim.o(i.TIM_ITRxExternalClockConfig), (24 bytes).
    Removing stm32f10x_tim.o(i.TIM_InternalClockConfig), (12 bytes).
    Removing stm32f10x_tim.o(i.TIM_OC1FastConfig), (18 bytes).
    Removing stm32f10x_tim.o(i.TIM_OC1Init), (152 bytes).
    Removing stm32f10x_tim.o(i.TIM_OC1NPolarityConfig), (18 bytes).
    Removing stm32f10x_tim.o(i.TIM_OC1PolarityConfig), (18 bytes).
    Removing stm32f10x_tim.o(i.TIM_OC1PreloadConfig), (18 bytes).
    Removing stm32f10x_tim.o(i.TIM_OC2FastConfig), (26 bytes).
    Removing stm32f10x_tim.o(i.TIM_OC2Init), (164 bytes).
    Removing stm32f10x_tim.o(i.TIM_OC2NPolarityConfig), (26 bytes).
    Removing stm32f10x_tim.o(i.TIM_OC2PolarityConfig), (26 bytes).
    Removing stm32f10x_tim.o(i.TIM_OC2PreloadConfig), (26 bytes).
    Removing stm32f10x_tim.o(i.TIM_OC3FastConfig), (18 bytes).
    Removing stm32f10x_tim.o(i.TIM_OC3Init), (160 bytes).
    Removing stm32f10x_tim.o(i.TIM_OC3NPolarityConfig), (26 bytes).
    Removing stm32f10x_tim.o(i.TIM_OC3PolarityConfig), (26 bytes).
    Removing stm32f10x_tim.o(i.TIM_OC3PreloadConfig), (18 bytes).
    Removing stm32f10x_tim.o(i.TIM_OC4FastConfig), (26 bytes).
    Removing stm32f10x_tim.o(i.TIM_OC4Init), (124 bytes).
    Removing stm32f10x_tim.o(i.TIM_OC4PolarityConfig), (26 bytes).
    Removing stm32f10x_tim.o(i.TIM_OC4PreloadConfig), (26 bytes).
    Removing stm32f10x_tim.o(i.TIM_OCStructInit), (20 bytes).
    Removing stm32f10x_tim.o(i.TIM_PWMIConfig), (124 bytes).
    Removing stm32f10x_tim.o(i.TIM_PrescalerConfig), (6 bytes).
    Removing stm32f10x_tim.o(i.TIM_SelectCCDMA), (24 bytes).
    Removing stm32f10x_tim.o(i.TIM_SelectCOM), (24 bytes).
    Removing stm32f10x_tim.o(i.TIM_SelectHallSensor), (24 bytes).
    Removing stm32f10x_tim.o(i.TIM_SelectInputTrigger), (18 bytes).
    Removing stm32f10x_tim.o(i.TIM_SelectMasterSlaveMode), (18 bytes).
    Removing stm32f10x_tim.o(i.TIM_SelectOCxM), (82 bytes).
    Removing stm32f10x_tim.o(i.TIM_SelectOnePulseMode), (18 bytes).
    Removing stm32f10x_tim.o(i.TIM_SelectOutputTrigger), (18 bytes).
    Removing stm32f10x_tim.o(i.TIM_SelectSlaveMode), (18 bytes).
    Removing stm32f10x_tim.o(i.TIM_SetAutoreload), (4 bytes).
    Removing stm32f10x_tim.o(i.TIM_SetClockDivision), (18 bytes).
    Removing stm32f10x_tim.o(i.TIM_SetCompare1), (4 bytes).
    Removing stm32f10x_tim.o(i.TIM_SetCompare2), (4 bytes).
    Removing stm32f10x_tim.o(i.TIM_SetCompare3), (4 bytes).
    Removing stm32f10x_tim.o(i.TIM_SetCompare4), (6 bytes).
    Removing stm32f10x_tim.o(i.TIM_SetCounter), (4 bytes).
    Removing stm32f10x_tim.o(i.TIM_SetIC1Prescaler), (18 bytes).
    Removing stm32f10x_tim.o(i.TIM_SetIC2Prescaler), (26 bytes).
    Removing stm32f10x_tim.o(i.TIM_SetIC3Prescaler), (18 bytes).
    Removing stm32f10x_tim.o(i.TIM_SetIC4Prescaler), (26 bytes).
    Removing stm32f10x_tim.o(i.TIM_TIxExternalClockConfig), (62 bytes).
    Removing stm32f10x_tim.o(i.TIM_TimeBaseInit), (164 bytes).
    Removing stm32f10x_tim.o(i.TIM_TimeBaseStructInit), (18 bytes).
    Removing stm32f10x_tim.o(i.TIM_UpdateDisableConfig), (24 bytes).
    Removing stm32f10x_tim.o(i.TIM_UpdateRequestConfig), (24 bytes).

229 unused section(s) (total 10242 bytes) removed from the image.

==============================================================================

Image Symbol Table

    Local Symbols

    Symbol Name                              Value     Ov Type        Size  Object(Section)

    ../clib/angel/boardlib.s                 0x00000000   Number         0  boardshut.o ABSOLUTE
    ../clib/angel/boardlib.s                 0x00000000   Number         0  boardinit1.o ABSOLUTE
    ../clib/angel/boardlib.s                 0x00000000   Number         0  boardinit2.o ABSOLUTE
    ../clib/angel/boardlib.s                 0x00000000   Number         0  boardinit3.o ABSOLUTE
    ../clib/angel/handlers.s                 0x00000000   Number         0  __scatter_zi.o ABSOLUTE
    ../clib/angel/handlers.s                 0x00000000   Number         0  __scatter_copy.o ABSOLUTE
    ../clib/angel/kernel.s                   0x00000000   Number         0  __rtentry.o ABSOLUTE
    ../clib/angel/kernel.s                   0x00000000   Number         0  __rtentry2.o ABSOLUTE
    ../clib/angel/kernel.s                   0x00000000   Number         0  __rtentry4.o ABSOLUTE
    ../clib/angel/kernel.s                   0x00000000   Number         0  rtexit.o ABSOLUTE
    ../clib/angel/kernel.s                   0x00000000   Number         0  rtexit2.o ABSOLUTE
    ../clib/angel/rt.s                       0x00000000   Number         0  rt_raise.o ABSOLUTE
    ../clib/angel/scatter.s                  0x00000000   Number         0  __scatter.o ABSOLUTE
    ../clib/angel/startup.s                  0x00000000   Number         0  __main.o ABSOLUTE
    ../clib/angel/sys.s                      0x00000000   Number         0  use_no_semi.o ABSOLUTE
    ../clib/angel/sys.s                      0x00000000   Number         0  indicate_semi.o ABSOLUTE
    ../clib/angel/sys.s                      0x00000000   Number         0  sys_stackheap_outer.o ABSOLUTE
    ../clib/angel/sys.s                      0x00000000   Number         0  use_no_semi_2.o ABSOLUTE
    ../clib/angel/sys.s                      0x00000000   Number         0  libspace.o ABSOLUTE
    ../clib/angel/sysapp.c                   0x00000000   Number         0  sys_command.o ABSOLUTE
    ../clib/angel/sysapp.c                   0x00000000   Number         0  sys_wrch.o ABSOLUTE
    ../clib/armsys.c                         0x00000000   Number         0  argv_veneer.o ABSOLUTE
    ../clib/armsys.c                         0x00000000   Number         0  _get_argv_nomalloc.o ABSOLUTE
    ../clib/armsys.c                         0x00000000   Number         0  no_argv.o ABSOLUTE
    ../clib/armsys.c                         0x00000000   Number         0  argv_veneer.o ABSOLUTE
    ../clib/heapalloc.c                      0x00000000   Number         0  hrguard.o ABSOLUTE
    ../clib/heapaux.c                        0x00000000   Number         0  heapauxi.o ABSOLUTE
    ../clib/libinit.s                        0x00000000   Number         0  libshutdown.o ABSOLUTE
    ../clib/libinit.s                        0x00000000   Number         0  libinit.o ABSOLUTE
    ../clib/libinit.s                        0x00000000   Number         0  libinit2.o ABSOLUTE
    ../clib/libinit.s                        0x00000000   Number         0  libshutdown2.o ABSOLUTE
    ../clib/printf.c                         0x00000000   Number         0  _printf_intcommon.o ABSOLUTE
    ../clib/printf.c                         0x00000000   Number         0  __printf_ss_wp.o ABSOLUTE
    ../clib/printf.c                         0x00000000   Number         0  __printf_flags_ss.o ABSOLUTE
    ../clib/printf.c                         0x00000000   Number         0  __printf_wp.o ABSOLUTE
    ../clib/printf.c                         0x00000000   Number         0  __printf_flags_wp.o ABSOLUTE
    ../clib/printf.c                         0x00000000   Number         0  _printf_char_file.o ABSOLUTE
    ../clib/printf.c                         0x00000000   Number         0  __printf_nopercent.o ABSOLUTE
    ../clib/printf.c                         0x00000000   Number         0  _printf_char_common.o ABSOLUTE
    ../clib/printf.c                         0x00000000   Number         0  __printf_flags.o ABSOLUTE
    ../clib/printf.c                         0x00000000   Number         0  __2printf.o ABSOLUTE
    ../clib/printf.c                         0x00000000   Number         0  noretval__2printf.o ABSOLUTE
    ../clib/printf.c                         0x00000000   Number         0  __printf.o ABSOLUTE
    ../clib/printf.c                         0x00000000   Number         0  _printf_hex_ll.o ABSOLUTE
    ../clib/printf.c                         0x00000000   Number         0  _printf_hex_int.o ABSOLUTE
    ../clib/printf.c                         0x00000000   Number         0  __printf_flags_ss_wp.o ABSOLUTE
    ../clib/printf.c                         0x00000000   Number         0  _printf_hex_int_ll.o ABSOLUTE
    ../clib/printf.c                         0x00000000   Number         0  _printf_hex_ptr.o ABSOLUTE
    ../clib/printf.c                         0x00000000   Number         0  _printf_hex_int_ptr.o ABSOLUTE
    ../clib/printf.c                         0x00000000   Number         0  _printf_hex_ll_ptr.o ABSOLUTE
    ../clib/printf.c                         0x00000000   Number         0  _printf_hex_int_ll_ptr.o ABSOLUTE
    ../clib/printf.c                         0x00000000   Number         0  __printf_ss.o ABSOLUTE
    ../clib/printf_percent.s                 0x00000000   Number         0  _printf_percent_end.o ABSOLUTE
    ../clib/printf_percent.s                 0x00000000   Number         0  _printf_x.o ABSOLUTE
    ../clib/printf_percent.s                 0x00000000   Number         0  _printf_percent.o ABSOLUTE
    ../clib/signal.c                         0x00000000   Number         0  defsig_other.o ABSOLUTE
    ../clib/signal.c                         0x00000000   Number         0  defsig_rtred_inner.o ABSOLUTE
    ../clib/signal.c                         0x00000000   Number         0  defsig_rtmem_formal.o ABSOLUTE
    ../clib/signal.c                         0x00000000   Number         0  defsig_rtmem_outer.o ABSOLUTE
    ../clib/signal.c                         0x00000000   Number         0  defsig_pvfn_inner.o ABSOLUTE
    ../clib/signal.c                         0x00000000   Number         0  defsig_stak_inner.o ABSOLUTE
    ../clib/signal.c                         0x00000000   Number         0  defsig_rtmem_inner.o ABSOLUTE
    ../clib/signal.c                         0x00000000   Number         0  defsig_fpe_inner.o ABSOLUTE
    ../clib/signal.c                         0x00000000   Number         0  defsig_abrt_inner.o ABSOLUTE
    ../clib/signal.c                         0x00000000   Number         0  defsig_segv_inner.o ABSOLUTE
    ../clib/signal.c                         0x00000000   Number         0  defsig_general.o ABSOLUTE
    ../clib/signal.c                         0x00000000   Number         0  __raise.o ABSOLUTE
    ../clib/signal.c                         0x00000000   Number         0  defsig_exit.o ABSOLUTE
    ../clib/signal.c                         0x00000000   Number         0  defsig_cppl_inner.o ABSOLUTE
    ../clib/signal.s                         0x00000000   Number         0  defsig.o ABSOLUTE
    ../clib/stdio.c                          0x00000000   Number         0  ferror_locked.o ABSOLUTE
    ../clib/stdio.c                          0x00000000   Number         0  ferror.o ABSOLUTE
    ../clib/stdlib.c                         0x00000000   Number         0  exit.o ABSOLUTE
    ../fplib/d2f.s                           0x00000000   Number         0  d2f.o ABSOLUTE
    ../fplib/ddiv.s                          0x00000000   Number         0  ddiv.o ABSOLUTE
    ../fplib/dfixu.s                         0x00000000   Number         0  dfixu.o ABSOLUTE
    ../fplib/dflt.s                          0x00000000   Number         0  dflt_clz.o ABSOLUTE
    ../fplib/dmul.s                          0x00000000   Number         0  dmul.o ABSOLUTE
    ../fplib/dnaninf.s                       0x00000000   Number         0  dnaninf.o ABSOLUTE
    ../fplib/dretinf.s                       0x00000000   Number         0  dretinf.o ABSOLUTE
    ../fplib/f2d.s                           0x00000000   Number         0  f2d.o ABSOLUTE
    ../fplib/faddsub.s                       0x00000000   Number         0  faddsub_clz.o ABSOLUTE
    ../fplib/fdiv.s                          0x00000000   Number         0  fdiv.o ABSOLUTE
    ../fplib/ffixu.s                         0x00000000   Number         0  ffixu.o ABSOLUTE
    ../fplib/fflt.s                          0x00000000   Number         0  fflt_clz.o ABSOLUTE
    ../fplib/fmul.s                          0x00000000   Number         0  fmul.o ABSOLUTE
    ../fplib/fnaninf.s                       0x00000000   Number         0  fnaninf.o ABSOLUTE
    ../fplib/fpinit.s                        0x00000000   Number         0  fpinit.o ABSOLUTE
    ../fplib/fretinf.s                       0x00000000   Number         0  fretinf.o ABSOLUTE
    ../fplib/usenofp.s                       0x00000000   Number         0  usenofp.o ABSOLUTE
    ..\CORE\core_cm3.c                       0x00000000   Number         0  core_cm3.o ABSOLUTE
    ..\CORE\startup_stm32f10x_hd.s           0x00000000   Number         0  startup_stm32f10x_hd.o ABSOLUTE
    ..\HARDWARE\ADC\adc.c                    0x00000000   Number         0  adc.o ABSOLUTE
    ..\HARDWARE\DAC\dac.c                    0x00000000   Number         0  dac.o ABSOLUTE
    ..\HARDWARE\KEY\key.c                    0x00000000   Number         0  key.o ABSOLUTE
    ..\HARDWARE\LCD\lcd.c                    0x00000000   Number         0  lcd.o ABSOLUTE
    ..\HARDWARE\LED\led.c                    0x00000000   Number         0  led.o ABSOLUTE
    ..\STM32F10x_FWLib\src\misc.c            0x00000000   Number         0  misc.o ABSOLUTE
    ..\STM32F10x_FWLib\src\stm32f10x_adc.c   0x00000000   Number         0  stm32f10x_adc.o ABSOLUTE
    ..\STM32F10x_FWLib\src\stm32f10x_dac.c   0x00000000   Number         0  stm32f10x_dac.o ABSOLUTE
    ..\STM32F10x_FWLib\src\stm32f10x_fsmc.c  0x00000000   Number         0  stm32f10x_fsmc.o ABSOLUTE
    ..\STM32F10x_FWLib\src\stm32f10x_gpio.c  0x00000000   Number         0  stm32f10x_gpio.o ABSOLUTE
    ..\STM32F10x_FWLib\src\stm32f10x_rcc.c   0x00000000   Number         0  stm32f10x_rcc.o ABSOLUTE
    ..\STM32F10x_FWLib\src\stm32f10x_tim.c   0x00000000   Number         0  stm32f10x_tim.o ABSOLUTE
    ..\STM32F10x_FWLib\src\stm32f10x_usart.c 0x00000000   Number         0  stm32f10x_usart.o ABSOLUTE
    ..\SYSTEM\delay\delay.c                  0x00000000   Number         0  delay.o ABSOLUTE
    ..\SYSTEM\sys\sys.c                      0x00000000   Number         0  sys.o ABSOLUTE
    ..\SYSTEM\usart\usart.c                  0x00000000   Number         0  usart.o ABSOLUTE
    ..\\CORE\\core_cm3.c                     0x00000000   Number         0  core_cm3.o ABSOLUTE
    ..\\SYSTEM\\sys\\sys.c                   0x00000000   Number         0  sys.o ABSOLUTE
    dc.s                                     0x00000000   Number         0  dc.o ABSOLUTE
    main.c                                   0x00000000   Number         0  main.o ABSOLUTE
    stm32f10x_it.c                           0x00000000   Number         0  stm32f10x_it.o ABSOLUTE
    system_stm32f10x.c                       0x00000000   Number         0  system_stm32f10x.o ABSOLUTE
    RESET                                    0x08000000   Section      304  startup_stm32f10x_hd.o(RESET)
    !!!main                                  0x08000130   Section        8  __main.o(!!!main)
    !!!scatter                               0x08000138   Section       52  __scatter.o(!!!scatter)
    !!handler_copy                           0x0800016c   Section       26  __scatter_copy.o(!!handler_copy)
    !!handler_zi                             0x08000188   Section       28  __scatter_zi.o(!!handler_zi)
    .ARM.Collect$$_printf_percent$$00000000  0x080001a4   Section        0  _printf_percent.o(.ARM.Collect$$_printf_percent$$00000000)
    .ARM.Collect$$_printf_percent$$0000000C  0x080001a4   Section        6  _printf_x.o(.ARM.Collect$$_printf_percent$$0000000C)
    .ARM.Collect$$_printf_percent$$00000017  0x080001aa   Section        4  _printf_percent_end.o(.ARM.Collect$$_printf_percent$$00000017)
    .ARM.Collect$$libinit$$00000000          0x080001ae   Section        2  libinit.o(.ARM.Collect$$libinit$$00000000)
    .ARM.Collect$$libinit$$00000002          0x080001b0   Section        0  libinit2.o(.ARM.Collect$$libinit$$00000002)
    .ARM.Collect$$libinit$$00000004          0x080001b0   Section        0  libinit2.o(.ARM.Collect$$libinit$$00000004)
    .ARM.Collect$$libinit$$0000000A          0x080001b0   Section        0  libinit2.o(.ARM.Collect$$libinit$$0000000A)
    .ARM.Collect$$libinit$$0000000C          0x080001b0   Section        0  libinit2.o(.ARM.Collect$$libinit$$0000000C)
    .ARM.Collect$$libinit$$0000000E          0x080001b0   Section        0  libinit2.o(.ARM.Collect$$libinit$$0000000E)
    .ARM.Collect$$libinit$$00000011          0x080001b0   Section        0  libinit2.o(.ARM.Collect$$libinit$$00000011)
    .ARM.Collect$$libinit$$00000013          0x080001b0   Section        0  libinit2.o(.ARM.Collect$$libinit$$00000013)
    .ARM.Collect$$libinit$$00000015          0x080001b0   Section        0  libinit2.o(.ARM.Collect$$libinit$$00000015)
    .ARM.Collect$$libinit$$00000017          0x080001b0   Section        0  libinit2.o(.ARM.Collect$$libinit$$00000017)
    .ARM.Collect$$libinit$$00000019          0x080001b0   Section        0  libinit2.o(.ARM.Collect$$libinit$$00000019)
    .ARM.Collect$$libinit$$0000001B          0x080001b0   Section        0  libinit2.o(.ARM.Collect$$libinit$$0000001B)
    .ARM.Collect$$libinit$$0000001D          0x080001b0   Section        0  libinit2.o(.ARM.Collect$$libinit$$0000001D)
    .ARM.Collect$$libinit$$0000001F          0x080001b0   Section        0  libinit2.o(.ARM.Collect$$libinit$$0000001F)
    .ARM.Collect$$libinit$$00000021          0x080001b0   Section        0  libinit2.o(.ARM.Collect$$libinit$$00000021)
    .ARM.Collect$$libinit$$00000023          0x080001b0   Section        0  libinit2.o(.ARM.Collect$$libinit$$00000023)
    .ARM.Collect$$libinit$$00000025          0x080001b0   Section        0  libinit2.o(.ARM.Collect$$libinit$$00000025)
    .ARM.Collect$$libinit$$0000002C          0x080001b0   Section        0  libinit2.o(.ARM.Collect$$libinit$$0000002C)
    .ARM.Collect$$libinit$$0000002E          0x080001b0   Section        0  libinit2.o(.ARM.Collect$$libinit$$0000002E)
    .ARM.Collect$$libinit$$00000030          0x080001b0   Section        0  libinit2.o(.ARM.Collect$$libinit$$00000030)
    .ARM.Collect$$libinit$$00000032          0x080001b0   Section        0  libinit2.o(.ARM.Collect$$libinit$$00000032)
    .ARM.Collect$$libinit$$00000033          0x080001b0   Section        2  libinit2.o(.ARM.Collect$$libinit$$00000033)
    .ARM.Collect$$libshutdown$$00000000      0x080001b2   Section        2  libshutdown.o(.ARM.Collect$$libshutdown$$00000000)
    .ARM.Collect$$libshutdown$$00000003      0x080001b4   Section        0  libshutdown2.o(.ARM.Collect$$libshutdown$$00000003)
    .ARM.Collect$$libshutdown$$00000006      0x080001b4   Section        0  libshutdown2.o(.ARM.Collect$$libshutdown$$00000006)
    .ARM.Collect$$libshutdown$$00000009      0x080001b4   Section        0  libshutdown2.o(.ARM.Collect$$libshutdown$$00000009)
    .ARM.Collect$$libshutdown$$0000000B      0x080001b4   Section        0  libshutdown2.o(.ARM.Collect$$libshutdown$$0000000B)
    .ARM.Collect$$libshutdown$$0000000E      0x080001b4   Section        0  libshutdown2.o(.ARM.Collect$$libshutdown$$0000000E)
    .ARM.Collect$$libshutdown$$0000000F      0x080001b4   Section        2  libshutdown2.o(.ARM.Collect$$libshutdown$$0000000F)
    .ARM.Collect$$rtentry$$00000000          0x080001b6   Section        0  __rtentry.o(.ARM.Collect$$rtentry$$00000000)
    .ARM.Collect$$rtentry$$00000002          0x080001b6   Section        0  __rtentry2.o(.ARM.Collect$$rtentry$$00000002)
    .ARM.Collect$$rtentry$$00000004          0x080001b6   Section        6  __rtentry4.o(.ARM.Collect$$rtentry$$00000004)
    .ARM.Collect$$rtentry$$00000009          0x080001bc   Section        0  __rtentry2.o(.ARM.Collect$$rtentry$$00000009)
    .ARM.Collect$$rtentry$$0000000A          0x080001bc   Section        4  __rtentry2.o(.ARM.Collect$$rtentry$$0000000A)
    .ARM.Collect$$rtentry$$0000000C          0x080001c0   Section        0  __rtentry2.o(.ARM.Collect$$rtentry$$0000000C)
    .ARM.Collect$$rtentry$$0000000D          0x080001c0   Section        8  __rtentry2.o(.ARM.Collect$$rtentry$$0000000D)
    .ARM.Collect$$rtexit$$00000000           0x080001c8   Section        2  rtexit.o(.ARM.Collect$$rtexit$$00000000)
    .ARM.Collect$$rtexit$$00000002           0x080001ca   Section        0  rtexit2.o(.ARM.Collect$$rtexit$$00000002)
    .ARM.Collect$$rtexit$$00000003           0x080001ca   Section        4  rtexit2.o(.ARM.Collect$$rtexit$$00000003)
    .ARM.Collect$$rtexit$$00000004           0x080001ce   Section        6  rtexit2.o(.ARM.Collect$$rtexit$$00000004)
    .text                                    0x080001d4   Section       64  startup_stm32f10x_hd.o(.text)
    .text                                    0x08000214   Section        2  use_no_semi_2.o(.text)
    .text                                    0x08000218   Section        0  noretval__2printf.o(.text)
    .text                                    0x08000230   Section        0  __printf.o(.text)
    .text                                    0x08000298   Section        0  _printf_hex_int.o(.text)
    .text                                    0x080002f0   Section        0  heapauxi.o(.text)
    .text                                    0x080002f6   Section        2  use_no_semi.o(.text)
    .text                                    0x080002f8   Section        0  _printf_intcommon.o(.text)
    .text                                    0x080003ac   Section        0  _printf_char_file.o(.text)
    .text                                    0x080003d0   Section        0  _printf_char_common.o(.text)
    _printf_input_char                       0x080003d1   Thumb Code    10  _printf_char_common.o(.text)
    .text                                    0x08000400   Section        0  ferror.o(.text)
    .text                                    0x08000408   Section       74  sys_stackheap_outer.o(.text)
    .text                                    0x08000452   Section        0  exit.o(.text)
    .text                                    0x08000460   Section        8  libspace.o(.text)
    i.ADC_Cmd                                0x08000468   Section        0  stm32f10x_adc.o(i.ADC_Cmd)
    i.ADC_DeInit                             0x08000480   Section        0  stm32f10x_adc.o(i.ADC_DeInit)
    i.ADC_GetCalibrationStatus               0x080004dc   Section        0  stm32f10x_adc.o(i.ADC_GetCalibrationStatus)
    i.ADC_GetConversionValue                 0x080004f0   Section        0  stm32f10x_adc.o(i.ADC_GetConversionValue)
    i.ADC_GetFlagStatus                      0x080004f8   Section        0  stm32f10x_adc.o(i.ADC_GetFlagStatus)
    i.ADC_GetResetCalibrationStatus          0x0800050a   Section        0  stm32f10x_adc.o(i.ADC_GetResetCalibrationStatus)
    i.ADC_Init                               0x08000520   Section        0  stm32f10x_adc.o(i.ADC_Init)
    i.ADC_RegularChannelConfig               0x08000570   Section        0  stm32f10x_adc.o(i.ADC_RegularChannelConfig)
    i.ADC_ResetCalibration                   0x08000628   Section        0  stm32f10x_adc.o(i.ADC_ResetCalibration)
    i.ADC_SoftwareStartConvCmd               0x08000632   Section        0  stm32f10x_adc.o(i.ADC_SoftwareStartConvCmd)
    i.ADC_StartCalibration                   0x08000648   Section        0  stm32f10x_adc.o(i.ADC_StartCalibration)
    i.Adc_Init                               0x08000654   Section        0  adc.o(i.Adc_Init)
    i.BusFault_Handler                       0x080006e0   Section        0  stm32f10x_it.o(i.BusFault_Handler)
    i.DAC_Cmd                                0x080006e4   Section        0  stm32f10x_dac.o(i.DAC_Cmd)
    i.DAC_GetDataOutputValue                 0x0800070c   Section        0  stm32f10x_dac.o(i.DAC_GetDataOutputValue)
    i.DAC_Init                               0x08000730   Section        0  stm32f10x_dac.o(i.DAC_Init)
    i.DAC_SetChannel1Data                    0x08000764   Section        0  stm32f10x_dac.o(i.DAC_SetChannel1Data)
    i.Dac1_Init                              0x08000784   Section        0  dac.o(i.Dac1_Init)
    i.DebugMon_Handler                       0x080007e8   Section        0  stm32f10x_it.o(i.DebugMon_Handler)
    i.FSMC_NORSRAMCmd                        0x080007ec   Section        0  stm32f10x_fsmc.o(i.FSMC_NORSRAMCmd)
    i.FSMC_NORSRAMInit                       0x08000820   Section        0  stm32f10x_fsmc.o(i.FSMC_NORSRAMInit)
    i.GPIO_Init                              0x08000906   Section        0  stm32f10x_gpio.o(i.GPIO_Init)
    i.GPIO_ReadInputDataBit                  0x08000a1c   Section        0  stm32f10x_gpio.o(i.GPIO_ReadInputDataBit)
    i.GPIO_SetBits                           0x08000a2e   Section        0  stm32f10x_gpio.o(i.GPIO_SetBits)
    i.Get_Adc                                0x08000a34   Section        0  adc.o(i.Get_Adc)
    i.Get_Adc_Average                        0x08000a68   Section        0  adc.o(i.Get_Adc_Average)
    i.HardFault_Handler                      0x08000a96   Section        0  stm32f10x_it.o(i.HardFault_Handler)
    i.KEY_Init                               0x08000a9c   Section        0  key.o(i.KEY_Init)
    i.KEY_Scan                               0x08000ad8   Section        0  key.o(i.KEY_Scan)
    i.LCD_Clear                              0x08000b7c   Section        0  lcd.o(i.LCD_Clear)
    i.LCD_Display_Dir                        0x08000be8   Section        0  lcd.o(i.LCD_Display_Dir)
    i.LCD_Fast_DrawPoint                     0x08000da8   Section        0  lcd.o(i.LCD_Fast_DrawPoint)
    i.LCD_Init                               0x08000f24   Section        0  lcd.o(i.LCD_Init)
    i.LCD_Pow                                0x08004690   Section        0  lcd.o(i.LCD_Pow)
    i.LCD_RD_DATA                            0x080046a8   Section        0  lcd.o(i.LCD_RD_DATA)
    i.LCD_ReadReg                            0x080046bc   Section        0  lcd.o(i.LCD_ReadReg)
    i.LCD_SSD_BackLightSet                   0x080046d4   Section        0  lcd.o(i.LCD_SSD_BackLightSet)
    i.LCD_Scan_Dir                           0x08004728   Section        0  lcd.o(i.LCD_Scan_Dir)
    i.LCD_SetCursor                          0x08004a14   Section        0  lcd.o(i.LCD_SetCursor)
    i.LCD_ShowChar                           0x08004bbc   Section        0  lcd.o(i.LCD_ShowChar)
    i.LCD_ShowChinese                        0x08004cf8   Section        0  lcd.o(i.LCD_ShowChinese)
    i.LCD_ShowString                         0x08004e28   Section        0  lcd.o(i.LCD_ShowString)
    i.LCD_ShowxNum                           0x08004ea6   Section        0  lcd.o(i.LCD_ShowxNum)
    i.LCD_WR_DATA                            0x08004f64   Section        0  lcd.o(i.LCD_WR_DATA)
    i.LCD_WR_REG                             0x08004f70   Section        0  lcd.o(i.LCD_WR_REG)
    i.LCD_WriteRAM_Prepare                   0x08004f7c   Section        0  lcd.o(i.LCD_WriteRAM_Prepare)
    i.LCD_WriteReg                           0x08004f90   Section        0  lcd.o(i.LCD_WriteReg)
    i.LED_Init                               0x08004fa0   Section        0  led.o(i.LED_Init)
    i.MemManage_Handler                      0x08004fec   Section        0  stm32f10x_it.o(i.MemManage_Handler)
    i.NMI_Handler                            0x08004ff0   Section        0  stm32f10x_it.o(i.NMI_Handler)
    i.NVIC_Init                              0x08004ff4   Section        0  misc.o(i.NVIC_Init)
    i.NVIC_PriorityGroupConfig               0x08005064   Section        0  misc.o(i.NVIC_PriorityGroupConfig)
    i.PendSV_Handler                         0x08005078   Section        0  stm32f10x_it.o(i.PendSV_Handler)
    i.RCC_ADCCLKConfig                       0x0800507c   Section        0  stm32f10x_rcc.o(i.RCC_ADCCLKConfig)
    i.RCC_AHBPeriphClockCmd                  0x08005094   Section        0  stm32f10x_rcc.o(i.RCC_AHBPeriphClockCmd)
    i.RCC_APB1PeriphClockCmd                 0x080050b4   Section        0  stm32f10x_rcc.o(i.RCC_APB1PeriphClockCmd)
    i.RCC_APB2PeriphClockCmd                 0x080050d4   Section        0  stm32f10x_rcc.o(i.RCC_APB2PeriphClockCmd)
    i.RCC_APB2PeriphResetCmd                 0x080050f4   Section        0  stm32f10x_rcc.o(i.RCC_APB2PeriphResetCmd)
    i.RCC_GetClocksFreq                      0x08005114   Section        0  stm32f10x_rcc.o(i.RCC_GetClocksFreq)
    i.SVC_Handler                            0x080051e8   Section        0  stm32f10x_it.o(i.SVC_Handler)
    i.SetSysClock                            0x080051ea   Section        0  system_stm32f10x.o(i.SetSysClock)
    SetSysClock                              0x080051eb   Thumb Code     8  system_stm32f10x.o(i.SetSysClock)
    i.SetSysClockTo72                        0x080051f4   Section        0  system_stm32f10x.o(i.SetSysClockTo72)
    SetSysClockTo72                          0x080051f5   Thumb Code   214  system_stm32f10x.o(i.SetSysClockTo72)
    i.SysTick_CLKSourceConfig                0x080052d4   Section        0  misc.o(i.SysTick_CLKSourceConfig)
    i.SysTick_Handler                        0x080052fc   Section        0  stm32f10x_it.o(i.SysTick_Handler)
    i.SystemInit                             0x08005300   Section        0  system_stm32f10x.o(i.SystemInit)
    i.USART1_IRQHandler                      0x08005360   Section        0  usart.o(i.USART1_IRQHandler)
    i.USART_Cmd                              0x080053e8   Section        0  stm32f10x_usart.o(i.USART_Cmd)
    i.USART_GetITStatus                      0x08005400   Section        0  stm32f10x_usart.o(i.USART_GetITStatus)
    i.USART_ITConfig                         0x08005454   Section        0  stm32f10x_usart.o(i.USART_ITConfig)
    i.USART_Init                             0x080054a0   Section        0  stm32f10x_usart.o(i.USART_Init)
    i.USART_ReceiveData                      0x08005578   Section        0  stm32f10x_usart.o(i.USART_ReceiveData)
    i.UsageFault_Handler                     0x08005582   Section        0  stm32f10x_it.o(i.UsageFault_Handler)
    i._sys_exit                              0x08005586   Section        0  usart.o(i._sys_exit)
    i.delay_init                             0x0800558c   Section        0  delay.o(i.delay_init)
    i.delay_ms                               0x080055d0   Section        0  delay.o(i.delay_ms)
    i.delay_us                               0x0800561c   Section        0  delay.o(i.delay_us)
    i.fputc                                  0x08005668   Section        0  usart.o(i.fputc)
    i.main                                   0x08005684   Section        0  main.o(i.main)
    i.uart_init                              0x08005914   Section        0  usart.o(i.uart_init)
    x$fpl$d2f                                0x080059b4   Section       98  d2f.o(x$fpl$d2f)
    x$fpl$dfixu                              0x08005a18   Section       90  dfixu.o(x$fpl$dfixu)
    x$fpl$dfltu                              0x08005a72   Section       38  dflt_clz.o(x$fpl$dfltu)
    x$fpl$dmul                               0x08005a98   Section      340  dmul.o(x$fpl$dmul)
    x$fpl$dnaninf                            0x08005bec   Section      156  dnaninf.o(x$fpl$dnaninf)
    x$fpl$dretinf                            0x08005c88   Section       12  dretinf.o(x$fpl$dretinf)
    x$fpl$f2d                                0x08005c94   Section       86  f2d.o(x$fpl$f2d)
    x$fpl$fadd                               0x08005cec   Section      196  faddsub_clz.o(x$fpl$fadd)
    _fadd1                                   0x08005cfb   Thumb Code     0  faddsub_clz.o(x$fpl$fadd)
    x$fpl$ffixu                              0x08005db0   Section       62  ffixu.o(x$fpl$ffixu)
    x$fpl$ffltu                              0x08005df0   Section       38  fflt_clz.o(x$fpl$ffltu)
    x$fpl$fmul                               0x08005e18   Section      258  fmul.o(x$fpl$fmul)
    x$fpl$fnaninf                            0x08005f1a   Section      140  fnaninf.o(x$fpl$fnaninf)
    x$fpl$fretinf                            0x08005fa6   Section       10  fretinf.o(x$fpl$fretinf)
    x$fpl$frsb                               0x08005fb0   Section       20  faddsub_clz.o(x$fpl$frsb)
    x$fpl$fsub                               0x08005fc4   Section      234  faddsub_clz.o(x$fpl$fsub)
    _fsub1                                   0x08005fd3   Thumb Code     0  faddsub_clz.o(x$fpl$fsub)
    x$fpl$usenofp                            0x080060ae   Section        0  usenofp.o(x$fpl$usenofp)
    .constdata                               0x080060b0   Section    15944  lcd.o(.constdata)
    .constdata                               0x08009ef8   Section       40  _printf_hex_int.o(.constdata)
    uc_hextab                                0x08009ef8   Data          20  _printf_hex_int.o(.constdata)
    lc_hextab                                0x08009f0c   Data          20  _printf_hex_int.o(.constdata)
    .conststring                             0x08009f20   Section       87  lcd.o(.conststring)
    .data                                    0x20000000   Section       20  system_stm32f10x.o(.data)
    .data                                    0x20000014   Section        4  delay.o(.data)
    fac_us                                   0x20000014   Data           1  delay.o(.data)
    fac_ms                                   0x20000016   Data           2  delay.o(.data)
    .data                                    0x20000018   Section        6  usart.o(.data)
    .data                                    0x2000001e   Section        1  key.o(.data)
    key_up                                   0x2000001e   Data           1  key.o(.data)
    .data                                    0x20000020   Section        4  lcd.o(.data)
    .data                                    0x20000024   Section       20  stm32f10x_rcc.o(.data)
    APBAHBPrescTable                         0x20000024   Data          16  stm32f10x_rcc.o(.data)
    ADCPrescTable                            0x20000034   Data           4  stm32f10x_rcc.o(.data)
    .bss                                     0x20000038   Section      200  usart.o(.bss)
    .bss                                     0x20000100   Section       14  lcd.o(.bss)
    .bss                                     0x20000110   Section       96  libspace.o(.bss)
    HEAP                                     0x20000170   Section      512  startup_stm32f10x_hd.o(HEAP)
    Heap_Mem                                 0x20000170   Data         512  startup_stm32f10x_hd.o(HEAP)
    STACK                                    0x20000370   Section     1024  startup_stm32f10x_hd.o(STACK)
    Stack_Mem                                0x20000370   Data        1024  startup_stm32f10x_hd.o(STACK)
    __initial_sp                             0x20000770   Data           0  startup_stm32f10x_hd.o(STACK)

    Global Symbols

    Symbol Name                              Value     Ov Type        Size  Object(Section)

    BuildAttributes$$THM_ISAv4$P$D$K$B$S$PE$A:L22UL41UL21$X:L11$S22US41US21$IEEE1$IW$USESV6$~STKCKD$USESV7$~SHL$OSPACE$ROPI$EBA8$UX$STANDARDLIB$REQ8$PRES8$EABIv2 0x00000000   Number         0  anon$$obj.o ABSOLUTE
    __ARM_use_no_argv                        0x00000000   Number         0  main.o ABSOLUTE
    __ARM_exceptions_init                     - Undefined Weak Reference
    __alloca_initialize                       - Undefined Weak Reference
    __arm_preinit_                            - Undefined Weak Reference
    __cpp_initialize__aeabi_                  - Undefined Weak Reference
    __cxa_finalize                            - Undefined Weak Reference
    __rt_locale                               - Undefined Weak Reference
    __sigvec_lookup                           - Undefined Weak Reference
    _atexit_init                              - Undefined Weak Reference
    _call_atexit_fns                          - Undefined Weak Reference
    _clock_init                               - Undefined Weak Reference
    _fp_trap_init                             - Undefined Weak Reference
    _fp_trap_shutdown                         - Undefined Weak Reference
    _get_lc_collate                           - Undefined Weak Reference
    _get_lc_ctype                             - Undefined Weak Reference
    _get_lc_monetary                          - Undefined Weak Reference
    _get_lc_numeric                           - Undefined Weak Reference
    _get_lc_time                              - Undefined Weak Reference
    _getenv_init                              - Undefined Weak Reference
    _handle_redirection                       - Undefined Weak Reference
    _init_alloc                               - Undefined Weak Reference
    _init_user_alloc                          - Undefined Weak Reference
    _initio                                   - Undefined Weak Reference
    _mutex_acquire                            - Undefined Weak Reference
    _mutex_release                            - Undefined Weak Reference
    _printf_post_padding                      - Undefined Weak Reference
    _printf_pre_padding                       - Undefined Weak Reference
    _printf_truncate_unsigned                 - Undefined Weak Reference
    _rand_init                                - Undefined Weak Reference
    _signal_finish                            - Undefined Weak Reference
    _signal_init                              - Undefined Weak Reference
    _terminate_alloc                          - Undefined Weak Reference
    _terminate_user_alloc                     - Undefined Weak Reference
    _terminateio                              - Undefined Weak Reference
    __Vectors_Size                           0x00000130   Number         0  startup_stm32f10x_hd.o ABSOLUTE
    __Vectors                                0x08000000   Data           4  startup_stm32f10x_hd.o(RESET)
    __Vectors_End                            0x08000130   Data           0  startup_stm32f10x_hd.o(RESET)
    __main                                   0x08000131   Thumb Code     8  __main.o(!!!main)
    __scatterload                            0x08000139   Thumb Code     0  __scatter.o(!!!scatter)
    __scatterload_rt2                        0x08000139   Thumb Code    44  __scatter.o(!!!scatter)
    __scatterload_rt2_thumb_only             0x08000139   Thumb Code     0  __scatter.o(!!!scatter)
    __scatterload_null                       0x08000147   Thumb Code     0  __scatter.o(!!!scatter)
    __scatterload_copy                       0x0800016d   Thumb Code    26  __scatter_copy.o(!!handler_copy)
    __scatterload_zeroinit                   0x08000189   Thumb Code    28  __scatter_zi.o(!!handler_zi)
    _printf_percent                          0x080001a5   Thumb Code     0  _printf_percent.o(.ARM.Collect$$_printf_percent$$00000000)
    _printf_x                                0x080001a5   Thumb Code     0  _printf_x.o(.ARM.Collect$$_printf_percent$$0000000C)
    _printf_percent_end                      0x080001ab   Thumb Code     0  _printf_percent_end.o(.ARM.Collect$$_printf_percent$$00000017)
    __rt_lib_init                            0x080001af   Thumb Code     0  libinit.o(.ARM.Collect$$libinit$$00000000)
    __rt_lib_init_alloca_1                   0x080001b1   Thumb Code     0  libinit2.o(.ARM.Collect$$libinit$$0000002E)
    __rt_lib_init_argv_1                     0x080001b1   Thumb Code     0  libinit2.o(.ARM.Collect$$libinit$$0000002C)
    __rt_lib_init_atexit_1                   0x080001b1   Thumb Code     0  libinit2.o(.ARM.Collect$$libinit$$0000001B)
    __rt_lib_init_clock_1                    0x080001b1   Thumb Code     0  libinit2.o(.ARM.Collect$$libinit$$00000021)
    __rt_lib_init_cpp_1                      0x080001b1   Thumb Code     0  libinit2.o(.ARM.Collect$$libinit$$00000032)
    __rt_lib_init_exceptions_1               0x080001b1   Thumb Code     0  libinit2.o(.ARM.Collect$$libinit$$00000030)
    __rt_lib_init_fp_1                       0x080001b1   Thumb Code     0  libinit2.o(.ARM.Collect$$libinit$$00000002)
    __rt_lib_init_fp_trap_1                  0x080001b1   Thumb Code     0  libinit2.o(.ARM.Collect$$libinit$$0000001F)
    __rt_lib_init_getenv_1                   0x080001b1   Thumb Code     0  libinit2.o(.ARM.Collect$$libinit$$00000023)
    __rt_lib_init_heap_1                     0x080001b1   Thumb Code     0  libinit2.o(.ARM.Collect$$libinit$$0000000A)
    __rt_lib_init_lc_collate_1               0x080001b1   Thumb Code     0  libinit2.o(.ARM.Collect$$libinit$$00000011)
    __rt_lib_init_lc_ctype_1                 0x080001b1   Thumb Code     0  libinit2.o(.ARM.Collect$$libinit$$00000013)
    __rt_lib_init_lc_monetary_1              0x080001b1   Thumb Code     0  libinit2.o(.ARM.Collect$$libinit$$00000015)
    __rt_lib_init_lc_numeric_1               0x080001b1   Thumb Code     0  libinit2.o(.ARM.Collect$$libinit$$00000017)
    __rt_lib_init_lc_time_1                  0x080001b1   Thumb Code     0  libinit2.o(.ARM.Collect$$libinit$$00000019)
    __rt_lib_init_preinit_1                  0x080001b1   Thumb Code     0  libinit2.o(.ARM.Collect$$libinit$$00000004)
    __rt_lib_init_rand_1                     0x080001b1   Thumb Code     0  libinit2.o(.ARM.Collect$$libinit$$0000000E)
    __rt_lib_init_return                     0x080001b1   Thumb Code     0  libinit2.o(.ARM.Collect$$libinit$$00000033)
    __rt_lib_init_signal_1                   0x080001b1   Thumb Code     0  libinit2.o(.ARM.Collect$$libinit$$0000001D)
    __rt_lib_init_stdio_1                    0x080001b1   Thumb Code     0  libinit2.o(.ARM.Collect$$libinit$$00000025)
    __rt_lib_init_user_alloc_1               0x080001b1   Thumb Code     0  libinit2.o(.ARM.Collect$$libinit$$0000000C)
    __rt_lib_shutdown                        0x080001b3   Thumb Code     0  libshutdown.o(.ARM.Collect$$libshutdown$$00000000)
    __rt_lib_shutdown_fp_trap_1              0x080001b5   Thumb Code     0  libshutdown2.o(.ARM.Collect$$libshutdown$$00000006)
    __rt_lib_shutdown_heap_1                 0x080001b5   Thumb Code     0  libshutdown2.o(.ARM.Collect$$libshutdown$$0000000E)
    __rt_lib_shutdown_return                 0x080001b5   Thumb Code     0  libshutdown2.o(.ARM.Collect$$libshutdown$$0000000F)
    __rt_lib_shutdown_signal_1               0x080001b5   Thumb Code     0  libshutdown2.o(.ARM.Collect$$libshutdown$$00000009)
    __rt_lib_shutdown_stdio_1                0x080001b5   Thumb Code     0  libshutdown2.o(.ARM.Collect$$libshutdown$$00000003)
    __rt_lib_shutdown_user_alloc_1           0x080001b5   Thumb Code     0  libshutdown2.o(.ARM.Collect$$libshutdown$$0000000B)
    __rt_entry                               0x080001b7   Thumb Code     0  __rtentry.o(.ARM.Collect$$rtentry$$00000000)
    __rt_entry_presh_1                       0x080001b7   Thumb Code     0  __rtentry2.o(.ARM.Collect$$rtentry$$00000002)
    __rt_entry_sh                            0x080001b7   Thumb Code     0  __rtentry4.o(.ARM.Collect$$rtentry$$00000004)
    __rt_entry_li                            0x080001bd   Thumb Code     0  __rtentry2.o(.ARM.Collect$$rtentry$$0000000A)
    __rt_entry_postsh_1                      0x080001bd   Thumb Code     0  __rtentry2.o(.ARM.Collect$$rtentry$$00000009)
    __rt_entry_main                          0x080001c1   Thumb Code     0  __rtentry2.o(.ARM.Collect$$rtentry$$0000000D)
    __rt_entry_postli_1                      0x080001c1   Thumb Code     0  __rtentry2.o(.ARM.Collect$$rtentry$$0000000C)
    __rt_exit                                0x080001c9   Thumb Code     0  rtexit.o(.ARM.Collect$$rtexit$$00000000)
    __rt_exit_ls                             0x080001cb   Thumb Code     0  rtexit2.o(.ARM.Collect$$rtexit$$00000003)
    __rt_exit_prels_1                        0x080001cb   Thumb Code     0  rtexit2.o(.ARM.Collect$$rtexit$$00000002)
    __rt_exit_exit                           0x080001cf   Thumb Code     0  rtexit2.o(.ARM.Collect$$rtexit$$00000004)
    Reset_Handler                            0x080001d5   Thumb Code     8  startup_stm32f10x_hd.o(.text)
    ADC1_2_IRQHandler                        0x080001ef   Thumb Code     0  startup_stm32f10x_hd.o(.text)
    ADC3_IRQHandler                          0x080001ef   Thumb Code     0  startup_stm32f10x_hd.o(.text)
    CAN1_RX1_IRQHandler                      0x080001ef   Thumb Code     0  startup_stm32f10x_hd.o(.text)
    CAN1_SCE_IRQHandler                      0x080001ef   Thumb Code     0  startup_stm32f10x_hd.o(.text)
    DMA1_Channel1_IRQHandler                 0x080001ef   Thumb Code     0  startup_stm32f10x_hd.o(.text)
    DMA1_Channel2_IRQHandler                 0x080001ef   Thumb Code     0  startup_stm32f10x_hd.o(.text)
    DMA1_Channel3_IRQHandler                 0x080001ef   Thumb Code     0  startup_stm32f10x_hd.o(.text)
    DMA1_Channel4_IRQHandler                 0x080001ef   Thumb Code     0  startup_stm32f10x_hd.o(.text)
    DMA1_Channel5_IRQHandler                 0x080001ef   Thumb Code     0  startup_stm32f10x_hd.o(.text)
    DMA1_Channel6_IRQHandler                 0x080001ef   Thumb Code     0  startup_stm32f10x_hd.o(.text)
    DMA1_Channel7_IRQHandler                 0x080001ef   Thumb Code     0  startup_stm32f10x_hd.o(.text)
    DMA2_Channel1_IRQHandler                 0x080001ef   Thumb Code     0  startup_stm32f10x_hd.o(.text)
    DMA2_Channel2_IRQHandler                 0x080001ef   Thumb Code     0  startup_stm32f10x_hd.o(.text)
    DMA2_Channel3_IRQHandler                 0x080001ef   Thumb Code     0  startup_stm32f10x_hd.o(.text)
    DMA2_Channel4_5_IRQHandler               0x080001ef   Thumb Code     0  startup_stm32f10x_hd.o(.text)
    EXTI0_IRQHandler                         0x080001ef   Thumb Code     0  startup_stm32f10x_hd.o(.text)
    EXTI15_10_IRQHandler                     0x080001ef   Thumb Code     0  startup_stm32f10x_hd.o(.text)
    EXTI1_IRQHandler                         0x080001ef   Thumb Code     0  startup_stm32f10x_hd.o(.text)
    EXTI2_IRQHandler                         0x080001ef   Thumb Code     0  startup_stm32f10x_hd.o(.text)
    EXTI3_IRQHandler                         0x080001ef   Thumb Code     0  startup_stm32f10x_hd.o(.text)
    EXTI4_IRQHandler                         0x080001ef   Thumb Code     0  startup_stm32f10x_hd.o(.text)
    EXTI9_5_IRQHandler                       0x080001ef   Thumb Code     0  startup_stm32f10x_hd.o(.text)
    FLASH_IRQHandler                         0x080001ef   Thumb Code     0  startup_stm32f10x_hd.o(.text)
    FSMC_IRQHandler                          0x080001ef   Thumb Code     0  startup_stm32f10x_hd.o(.text)
    I2C1_ER_IRQHandler                       0x080001ef   Thumb Code     0  startup_stm32f10x_hd.o(.text)
    I2C1_EV_IRQHandler                       0x080001ef   Thumb Code     0  startup_stm32f10x_hd.o(.text)
    I2C2_ER_IRQHandler                       0x080001ef   Thumb Code     0  startup_stm32f10x_hd.o(.text)
    I2C2_EV_IRQHandler                       0x080001ef   Thumb Code     0  startup_stm32f10x_hd.o(.text)
    PVD_IRQHandler                           0x080001ef   Thumb Code     0  startup_stm32f10x_hd.o(.text)
    RCC_IRQHandler                           0x080001ef   Thumb Code     0  startup_stm32f10x_hd.o(.text)
    RTCAlarm_IRQHandler                      0x080001ef   Thumb Code     0  startup_stm32f10x_hd.o(.text)
    RTC_IRQHandler                           0x080001ef   Thumb Code     0  startup_stm32f10x_hd.o(.text)
    SDIO_IRQHandler                          0x080001ef   Thumb Code     0  startup_stm32f10x_hd.o(.text)
    SPI1_IRQHandler                          0x080001ef   Thumb Code     0  startup_stm32f10x_hd.o(.text)
    SPI2_IRQHandler                          0x080001ef   Thumb Code     0  startup_stm32f10x_hd.o(.text)
    SPI3_IRQHandler                          0x080001ef   Thumb Code     0  startup_stm32f10x_hd.o(.text)
    TAMPER_IRQHandler                        0x080001ef   Thumb Code     0  startup_stm32f10x_hd.o(.text)
    TIM1_BRK_IRQHandler                      0x080001ef   Thumb Code     0  startup_stm32f10x_hd.o(.text)
    TIM1_CC_IRQHandler                       0x080001ef   Thumb Code     0  startup_stm32f10x_hd.o(.text)
    TIM1_TRG_COM_IRQHandler                  0x080001ef   Thumb Code     0  startup_stm32f10x_hd.o(.text)
    TIM1_UP_IRQHandler                       0x080001ef   Thumb Code     0  startup_stm32f10x_hd.o(.text)
    TIM2_IRQHandler                          0x080001ef   Thumb Code     0  startup_stm32f10x_hd.o(.text)
    TIM3_IRQHandler                          0x080001ef   Thumb Code     0  startup_stm32f10x_hd.o(.text)
    TIM4_IRQHandler                          0x080001ef   Thumb Code     0  startup_stm32f10x_hd.o(.text)
    TIM5_IRQHandler                          0x080001ef   Thumb Code     0  startup_stm32f10x_hd.o(.text)
    TIM6_IRQHandler                          0x080001ef   Thumb Code     0  startup_stm32f10x_hd.o(.text)
    TIM7_IRQHandler                          0x080001ef   Thumb Code     0  startup_stm32f10x_hd.o(.text)
    TIM8_BRK_IRQHandler                      0x080001ef   Thumb Code     0  startup_stm32f10x_hd.o(.text)
    TIM8_CC_IRQHandler                       0x080001ef   Thumb Code     0  startup_stm32f10x_hd.o(.text)
    TIM8_TRG_COM_IRQHandler                  0x080001ef   Thumb Code     0  startup_stm32f10x_hd.o(.text)
    TIM8_UP_IRQHandler                       0x080001ef   Thumb Code     0  startup_stm32f10x_hd.o(.text)
    UART4_IRQHandler                         0x080001ef   Thumb Code     0  startup_stm32f10x_hd.o(.text)
    UART5_IRQHandler                         0x080001ef   Thumb Code     0  startup_stm32f10x_hd.o(.text)
    USART2_IRQHandler                        0x080001ef   Thumb Code     0  startup_stm32f10x_hd.o(.text)
    USART3_IRQHandler                        0x080001ef   Thumb Code     0  startup_stm32f10x_hd.o(.text)
    USBWakeUp_IRQHandler                     0x080001ef   Thumb Code     0  startup_stm32f10x_hd.o(.text)
    USB_HP_CAN1_TX_IRQHandler                0x080001ef   Thumb Code     0  startup_stm32f10x_hd.o(.text)
    USB_LP_CAN1_RX0_IRQHandler               0x080001ef   Thumb Code     0  startup_stm32f10x_hd.o(.text)
    WWDG_IRQHandler                          0x080001ef   Thumb Code     0  startup_stm32f10x_hd.o(.text)
    __user_initial_stackheap                 0x080001f1   Thumb Code     0  startup_stm32f10x_hd.o(.text)
    __use_no_semihosting                     0x08000215   Thumb Code     2  use_no_semi_2.o(.text)
    __2printf                                0x08000219   Thumb Code    20  noretval__2printf.o(.text)
    __printf                                 0x08000231   Thumb Code   104  __printf.o(.text)
    _printf_int_hex                          0x08000299   Thumb Code    84  _printf_hex_int.o(.text)
    _printf_longlong_hex                     0x08000299   Thumb Code     0  _printf_hex_int.o(.text)
    __use_two_region_memory                  0x080002f1   Thumb Code     2  heapauxi.o(.text)
    __rt_heap_escrow$2region                 0x080002f3   Thumb Code     2  heapauxi.o(.text)
    __rt_heap_expand$2region                 0x080002f5   Thumb Code     2  heapauxi.o(.text)
    __I$use$semihosting                      0x080002f7   Thumb Code     0  use_no_semi.o(.text)
    __use_no_semihosting_swi                 0x080002f7   Thumb Code     2  use_no_semi.o(.text)
    _printf_int_common                       0x080002f9   Thumb Code   178  _printf_intcommon.o(.text)
    _printf_char_file                        0x080003ad   Thumb Code    32  _printf_char_file.o(.text)
    _printf_char_common                      0x080003db   Thumb Code    32  _printf_char_common.o(.text)
    ferror                                   0x08000401   Thumb Code     8  ferror.o(.text)
    __user_setup_stackheap                   0x08000409   Thumb Code    74  sys_stackheap_outer.o(.text)
    exit                                     0x08000453   Thumb Code    12  exit.o(.text)
    __user_libspace                          0x08000461   Thumb Code     8  libspace.o(.text)
    __user_perproc_libspace                  0x08000461   Thumb Code     0  libspace.o(.text)
    __user_perthread_libspace                0x08000461   Thumb Code     0  libspace.o(.text)
    ADC_Cmd                                  0x08000469   Thumb Code    22  stm32f10x_adc.o(i.ADC_Cmd)
    ADC_DeInit                               0x08000481   Thumb Code    78  stm32f10x_adc.o(i.ADC_DeInit)
    ADC_GetCalibrationStatus                 0x080004dd   Thumb Code    20  stm32f10x_adc.o(i.ADC_GetCalibrationStatus)
    ADC_GetConversionValue                   0x080004f1   Thumb Code     8  stm32f10x_adc.o(i.ADC_GetConversionValue)
    ADC_GetFlagStatus                        0x080004f9   Thumb Code    18  stm32f10x_adc.o(i.ADC_GetFlagStatus)
    ADC_GetResetCalibrationStatus            0x0800050b   Thumb Code    20  stm32f10x_adc.o(i.ADC_GetResetCalibrationStatus)
    ADC_Init                                 0x08000521   Thumb Code    70  stm32f10x_adc.o(i.ADC_Init)
    ADC_RegularChannelConfig                 0x08000571   Thumb Code   184  stm32f10x_adc.o(i.ADC_RegularChannelConfig)
    ADC_ResetCalibration                     0x08000629   Thumb Code    10  stm32f10x_adc.o(i.ADC_ResetCalibration)
    ADC_SoftwareStartConvCmd                 0x08000633   Thumb Code    22  stm32f10x_adc.o(i.ADC_SoftwareStartConvCmd)
    ADC_StartCalibration                     0x08000649   Thumb Code    10  stm32f10x_adc.o(i.ADC_StartCalibration)
    Adc_Init                                 0x08000655   Thumb Code   132  adc.o(i.Adc_Init)
    BusFault_Handler                         0x080006e1   Thumb Code     4  stm32f10x_it.o(i.BusFault_Handler)
    DAC_Cmd                                  0x080006e5   Thumb Code    34  stm32f10x_dac.o(i.DAC_Cmd)
    DAC_GetDataOutputValue                   0x0800070d   Thumb Code    32  stm32f10x_dac.o(i.DAC_GetDataOutputValue)
    DAC_Init                                 0x08000731   Thumb Code    46  stm32f10x_dac.o(i.DAC_Init)
    DAC_SetChannel1Data                      0x08000765   Thumb Code    26  stm32f10x_dac.o(i.DAC_SetChannel1Data)
    Dac1_Init                                0x08000785   Thumb Code    94  dac.o(i.Dac1_Init)
    DebugMon_Handler                         0x080007e9   Thumb Code     2  stm32f10x_it.o(i.DebugMon_Handler)
    FSMC_NORSRAMCmd                          0x080007ed   Thumb Code    46  stm32f10x_fsmc.o(i.FSMC_NORSRAMCmd)
    FSMC_NORSRAMInit                         0x08000821   Thumb Code   230  stm32f10x_fsmc.o(i.FSMC_NORSRAMInit)
    GPIO_Init                                0x08000907   Thumb Code   278  stm32f10x_gpio.o(i.GPIO_Init)
    GPIO_ReadInputDataBit                    0x08000a1d   Thumb Code    18  stm32f10x_gpio.o(i.GPIO_ReadInputDataBit)
    GPIO_SetBits                             0x08000a2f   Thumb Code     4  stm32f10x_gpio.o(i.GPIO_SetBits)
    Get_Adc                                  0x08000a35   Thumb Code    48  adc.o(i.Get_Adc)
    Get_Adc_Average                          0x08000a69   Thumb Code    46  adc.o(i.Get_Adc_Average)
    HardFault_Handler                        0x08000a97   Thumb Code     4  stm32f10x_it.o(i.HardFault_Handler)
    KEY_Init                                 0x08000a9d   Thumb Code    52  key.o(i.KEY_Init)
    KEY_Scan                                 0x08000ad9   Thumb Code   150  key.o(i.KEY_Scan)
    LCD_Clear                                0x08000b7d   Thumb Code   100  lcd.o(i.LCD_Clear)
    LCD_Display_Dir                          0x08000be9   Thumb Code   444  lcd.o(i.LCD_Display_Dir)
    LCD_Fast_DrawPoint                       0x08000da9   Thumb Code   370  lcd.o(i.LCD_Fast_DrawPoint)
    LCD_Init                                 0x08000f25   Thumb Code 14180  lcd.o(i.LCD_Init)
    LCD_Pow                                  0x08004691   Thumb Code    22  lcd.o(i.LCD_Pow)
    LCD_RD_DATA                              0x080046a9   Thumb Code    14  lcd.o(i.LCD_RD_DATA)
    LCD_ReadReg                              0x080046bd   Thumb Code    22  lcd.o(i.LCD_ReadReg)
    LCD_SSD_BackLightSet                     0x080046d5   Thumb Code    80  lcd.o(i.LCD_SSD_BackLightSet)
    LCD_Scan_Dir                             0x08004729   Thumb Code   744  lcd.o(i.LCD_Scan_Dir)
    LCD_SetCursor                            0x08004a15   Thumb Code   418  lcd.o(i.LCD_SetCursor)
    LCD_ShowChar                             0x08004bbd   Thumb Code   288  lcd.o(i.LCD_ShowChar)
    LCD_ShowChinese                          0x08004cf9   Thumb Code   286  lcd.o(i.LCD_ShowChinese)
    LCD_ShowString                           0x08004e29   Thumb Code   126  lcd.o(i.LCD_ShowString)
    LCD_ShowxNum                             0x08004ea7   Thumb Code   190  lcd.o(i.LCD_ShowxNum)
    LCD_WR_DATA                              0x08004f65   Thumb Code     6  lcd.o(i.LCD_WR_DATA)
    LCD_WR_REG                               0x08004f71   Thumb Code     6  lcd.o(i.LCD_WR_REG)
    LCD_WriteRAM_Prepare                     0x08004f7d   Thumb Code    10  lcd.o(i.LCD_WriteRAM_Prepare)
    LCD_WriteReg                             0x08004f91   Thumb Code    10  lcd.o(i.LCD_WriteReg)
    LED_Init                                 0x08004fa1   Thumb Code    68  led.o(i.LED_Init)
    MemManage_Handler                        0x08004fed   Thumb Code     4  stm32f10x_it.o(i.MemManage_Handler)
    NMI_Handler                              0x08004ff1   Thumb Code     2  stm32f10x_it.o(i.NMI_Handler)
    NVIC_Init                                0x08004ff5   Thumb Code   100  misc.o(i.NVIC_Init)
    NVIC_PriorityGroupConfig                 0x08005065   Thumb Code    10  misc.o(i.NVIC_PriorityGroupConfig)
    PendSV_Handler                           0x08005079   Thumb Code     2  stm32f10x_it.o(i.PendSV_Handler)
    RCC_ADCCLKConfig                         0x0800507d   Thumb Code    18  stm32f10x_rcc.o(i.RCC_ADCCLKConfig)
    RCC_AHBPeriphClockCmd                    0x08005095   Thumb Code    26  stm32f10x_rcc.o(i.RCC_AHBPeriphClockCmd)
    RCC_APB1PeriphClockCmd                   0x080050b5   Thumb Code    26  stm32f10x_rcc.o(i.RCC_APB1PeriphClockCmd)
    RCC_APB2PeriphClockCmd                   0x080050d5   Thumb Code    26  stm32f10x_rcc.o(i.RCC_APB2PeriphClockCmd)
    RCC_APB2PeriphResetCmd                   0x080050f5   Thumb Code    26  stm32f10x_rcc.o(i.RCC_APB2PeriphResetCmd)
    RCC_GetClocksFreq                        0x08005115   Thumb Code   192  stm32f10x_rcc.o(i.RCC_GetClocksFreq)
    SVC_Handler                              0x080051e9   Thumb Code     2  stm32f10x_it.o(i.SVC_Handler)
    SysTick_CLKSourceConfig                  0x080052d5   Thumb Code    40  misc.o(i.SysTick_CLKSourceConfig)
    SysTick_Handler                          0x080052fd   Thumb Code     2  stm32f10x_it.o(i.SysTick_Handler)
    SystemInit                               0x08005301   Thumb Code    78  system_stm32f10x.o(i.SystemInit)
    USART1_IRQHandler                        0x08005361   Thumb Code   122  usart.o(i.USART1_IRQHandler)
    USART_Cmd                                0x080053e9   Thumb Code    24  stm32f10x_usart.o(i.USART_Cmd)
    USART_GetITStatus                        0x08005401   Thumb Code    84  stm32f10x_usart.o(i.USART_GetITStatus)
    USART_ITConfig                           0x08005455   Thumb Code    74  stm32f10x_usart.o(i.USART_ITConfig)
    USART_Init                               0x080054a1   Thumb Code   210  stm32f10x_usart.o(i.USART_Init)
    USART_ReceiveData                        0x08005579   Thumb Code    10  stm32f10x_usart.o(i.USART_ReceiveData)
    UsageFault_Handler                       0x08005583   Thumb Code     4  stm32f10x_it.o(i.UsageFault_Handler)
    _sys_exit                                0x08005587   Thumb Code     6  usart.o(i._sys_exit)
    delay_init                               0x0800558d   Thumb Code    50  delay.o(i.delay_init)
    delay_ms                                 0x080055d1   Thumb Code    72  delay.o(i.delay_ms)
    delay_us                                 0x0800561d   Thumb Code    72  delay.o(i.delay_us)
    fputc                                    0x08005669   Thumb Code    24  usart.o(i.fputc)
    main                                     0x08005685   Thumb Code   560  main.o(i.main)
    uart_init                                0x08005915   Thumb Code   152  usart.o(i.uart_init)
    __aeabi_d2f                              0x080059b5   Thumb Code     0  d2f.o(x$fpl$d2f)
    _d2f                                     0x080059b5   Thumb Code    98  d2f.o(x$fpl$d2f)
    __aeabi_d2uiz                            0x08005a19   Thumb Code     0  dfixu.o(x$fpl$dfixu)
    _dfixu                                   0x08005a19   Thumb Code    90  dfixu.o(x$fpl$dfixu)
    __aeabi_ui2d                             0x08005a73   Thumb Code     0  dflt_clz.o(x$fpl$dfltu)
    _dfltu                                   0x08005a73   Thumb Code    38  dflt_clz.o(x$fpl$dfltu)
    __aeabi_dmul                             0x08005a99   Thumb Code     0  dmul.o(x$fpl$dmul)
    _dmul                                    0x08005a99   Thumb Code   332  dmul.o(x$fpl$dmul)
    __fpl_dnaninf                            0x08005bed   Thumb Code   156  dnaninf.o(x$fpl$dnaninf)
    __fpl_dretinf                            0x08005c89   Thumb Code    12  dretinf.o(x$fpl$dretinf)
    __aeabi_f2d                              0x08005c95   Thumb Code     0  f2d.o(x$fpl$f2d)
    _f2d                                     0x08005c95   Thumb Code    86  f2d.o(x$fpl$f2d)
    __aeabi_fadd                             0x08005ced   Thumb Code     0  faddsub_clz.o(x$fpl$fadd)
    _fadd                                    0x08005ced   Thumb Code   196  faddsub_clz.o(x$fpl$fadd)
    __aeabi_f2uiz                            0x08005db1   Thumb Code     0  ffixu.o(x$fpl$ffixu)
    _ffixu                                   0x08005db1   Thumb Code    62  ffixu.o(x$fpl$ffixu)
    __aeabi_ui2f                             0x08005df1   Thumb Code     0  fflt_clz.o(x$fpl$ffltu)
    _ffltu                                   0x08005df1   Thumb Code    38  fflt_clz.o(x$fpl$ffltu)
    __aeabi_fmul                             0x08005e19   Thumb Code     0  fmul.o(x$fpl$fmul)
    _fmul                                    0x08005e19   Thumb Code   258  fmul.o(x$fpl$fmul)
    __fpl_fnaninf                            0x08005f1b   Thumb Code   140  fnaninf.o(x$fpl$fnaninf)
    __fpl_fretinf                            0x08005fa7   Thumb Code    10  fretinf.o(x$fpl$fretinf)
    __aeabi_frsub                            0x08005fb1   Thumb Code     0  faddsub_clz.o(x$fpl$frsb)
    _frsb                                    0x08005fb1   Thumb Code    20  faddsub_clz.o(x$fpl$frsb)
    __aeabi_fsub                             0x08005fc5   Thumb Code     0  faddsub_clz.o(x$fpl$fsub)
    _fsub                                    0x08005fc5   Thumb Code   234  faddsub_clz.o(x$fpl$fsub)
    __I$use$fp                               0x080060ae   Number         0  usenofp.o(x$fpl$usenofp)
    ch_24_24                                 0x080060b0   Data        1672  lcd.o(.constdata)
    asc2_1206                                0x08006738   Data        1140  lcd.o(.constdata)
    asc2_1608                                0x08006bac   Data        1520  lcd.o(.constdata)
    asc2_2412                                0x0800719c   Data        3420  lcd.o(.constdata)
    asc2_3216                                0x08007ef8   Data        8192  lcd.o(.constdata)
    Region$$Table$$Base                      0x08009f78   Number         0  anon$$obj.o(Region$$Table)
    Region$$Table$$Limit                     0x08009f98   Number         0  anon$$obj.o(Region$$Table)
    SystemCoreClock                          0x20000000   Data           4  system_stm32f10x.o(.data)
    AHBPrescTable                            0x20000004   Data          16  system_stm32f10x.o(.data)
    __stdout                                 0x20000018   Data           4  usart.o(.data)
    USART_RX_STA                             0x2000001c   Data           2  usart.o(.data)
    POINT_COLOR                              0x20000020   Data           2  lcd.o(.data)
    BACK_COLOR                               0x20000022   Data           2  lcd.o(.data)
    USART_RX_BUF                             0x20000038   Data         200  usart.o(.bss)
    lcddev                                   0x20000100   Data          14  lcd.o(.bss)
    __libspace_start                         0x20000110   Data          96  libspace.o(.bss)
    __temporary_stack_top$libspace           0x20000170   Data           0  libspace.o(.bss)



==============================================================================

Memory Map of the image

  Image Entry point : 0x08000131

  Load Region LR_IROM1 (Base: 0x08000000, Size: 0x00009fd0, Max: 0x00080000, ABSOLUTE)

    Execution Region ER_IROM1 (Base: 0x08000000, Size: 0x00009f98, Max: 0x00080000, ABSOLUTE)

    Base Addr    Size         Type   Attr      Idx    E Section Name        Object

    0x08000000   0x00000130   Data   RO          270    RESET               startup_stm32f10x_hd.o
    0x08000130   0x00000008   Code   RO         2206  * !!!main             c_w.l(__main.o)
    0x08000138   0x00000034   Code   RO         2424    !!!scatter          c_w.l(__scatter.o)
    0x0800016c   0x0000001a   Code   RO         2426    !!handler_copy      c_w.l(__scatter_copy.o)
    0x08000186   0x00000002   PAD
    0x08000188   0x0000001c   Code   RO         2428    !!handler_zi        c_w.l(__scatter_zi.o)
    0x080001a4   0x00000000   Code   RO         2203    .ARM.Collect$$_printf_percent$$00000000  c_w.l(_printf_percent.o)
    0x080001a4   0x00000006   Code   RO         2202    .ARM.Collect$$_printf_percent$$0000000C  c_w.l(_printf_x.o)
    0x080001aa   0x00000004   Code   RO         2257    .ARM.Collect$$_printf_percent$$00000017  c_w.l(_printf_percent_end.o)
    0x080001ae   0x00000002   Code   RO         2299    .ARM.Collect$$libinit$$00000000  c_w.l(libinit.o)
    0x080001b0   0x00000000   Code   RO         2306    .ARM.Collect$$libinit$$00000002  c_w.l(libinit2.o)
    0x080001b0   0x00000000   Code   RO         2308    .ARM.Collect$$libinit$$00000004  c_w.l(libinit2.o)
    0x080001b0   0x00000000   Code   RO         2311    .ARM.Collect$$libinit$$0000000A  c_w.l(libinit2.o)
    0x080001b0   0x00000000   Code   RO         2313    .ARM.Collect$$libinit$$0000000C  c_w.l(libinit2.o)
    0x080001b0   0x00000000   Code   RO         2315    .ARM.Collect$$libinit$$0000000E  c_w.l(libinit2.o)
    0x080001b0   0x00000000   Code   RO         2318    .ARM.Collect$$libinit$$00000011  c_w.l(libinit2.o)
    0x080001b0   0x00000000   Code   RO         2320    .ARM.Collect$$libinit$$00000013  c_w.l(libinit2.o)
    0x080001b0   0x00000000   Code   RO         2322    .ARM.Collect$$libinit$$00000015  c_w.l(libinit2.o)
    0x080001b0   0x00000000   Code   RO         2324    .ARM.Collect$$libinit$$00000017  c_w.l(libinit2.o)
    0x080001b0   0x00000000   Code   RO         2326    .ARM.Collect$$libinit$$00000019  c_w.l(libinit2.o)
    0x080001b0   0x00000000   Code   RO         2328    .ARM.Collect$$libinit$$0000001B  c_w.l(libinit2.o)
    0x080001b0   0x00000000   Code   RO         2330    .ARM.Collect$$libinit$$0000001D  c_w.l(libinit2.o)
    0x080001b0   0x00000000   Code   RO         2332    .ARM.Collect$$libinit$$0000001F  c_w.l(libinit2.o)
    0x080001b0   0x00000000   Code   RO         2334    .ARM.Collect$$libinit$$00000021  c_w.l(libinit2.o)
    0x080001b0   0x00000000   Code   RO         2336    .ARM.Collect$$libinit$$00000023  c_w.l(libinit2.o)
    0x080001b0   0x00000000   Code   RO         2338    .ARM.Collect$$libinit$$00000025  c_w.l(libinit2.o)
    0x080001b0   0x00000000   Code   RO         2342    .ARM.Collect$$libinit$$0000002C  c_w.l(libinit2.o)
    0x080001b0   0x00000000   Code   RO         2344    .ARM.Collect$$libinit$$0000002E  c_w.l(libinit2.o)
    0x080001b0   0x00000000   Code   RO         2346    .ARM.Collect$$libinit$$00000030  c_w.l(libinit2.o)
    0x080001b0   0x00000000   Code   RO         2348    .ARM.Collect$$libinit$$00000032  c_w.l(libinit2.o)
    0x080001b0   0x00000002   Code   RO         2349    .ARM.Collect$$libinit$$00000033  c_w.l(libinit2.o)
    0x080001b2   0x00000002   Code   RO         2367    .ARM.Collect$$libshutdown$$00000000  c_w.l(libshutdown.o)
    0x080001b4   0x00000000   Code   RO         2378    .ARM.Collect$$libshutdown$$00000003  c_w.l(libshutdown2.o)
    0x080001b4   0x00000000   Code   RO         2381    .ARM.Collect$$libshutdown$$00000006  c_w.l(libshutdown2.o)
    0x080001b4   0x00000000   Code   RO         2384    .ARM.Collect$$libshutdown$$00000009  c_w.l(libshutdown2.o)
    0x080001b4   0x00000000   Code   RO         2386    .ARM.Collect$$libshutdown$$0000000B  c_w.l(libshutdown2.o)
    0x080001b4   0x00000000   Code   RO         2389    .ARM.Collect$$libshutdown$$0000000E  c_w.l(libshutdown2.o)
    0x080001b4   0x00000002   Code   RO         2390    .ARM.Collect$$libshutdown$$0000000F  c_w.l(libshutdown2.o)
    0x080001b6   0x00000000   Code   RO         2252    .ARM.Collect$$rtentry$$00000000  c_w.l(__rtentry.o)
    0x080001b6   0x00000000   Code   RO         2268    .ARM.Collect$$rtentry$$00000002  c_w.l(__rtentry2.o)
    0x080001b6   0x00000006   Code   RO         2280    .ARM.Collect$$rtentry$$00000004  c_w.l(__rtentry4.o)
    0x080001bc   0x00000000   Code   RO         2270    .ARM.Collect$$rtentry$$00000009  c_w.l(__rtentry2.o)
    0x080001bc   0x00000004   Code   RO         2271    .ARM.Collect$$rtentry$$0000000A  c_w.l(__rtentry2.o)
    0x080001c0   0x00000000   Code   RO         2273    .ARM.Collect$$rtentry$$0000000C  c_w.l(__rtentry2.o)
    0x080001c0   0x00000008   Code   RO         2274    .ARM.Collect$$rtentry$$0000000D  c_w.l(__rtentry2.o)
    0x080001c8   0x00000002   Code   RO         2303    .ARM.Collect$$rtexit$$00000000  c_w.l(rtexit.o)
    0x080001ca   0x00000000   Code   RO         2351    .ARM.Collect$$rtexit$$00000002  c_w.l(rtexit2.o)
    0x080001ca   0x00000004   Code   RO         2352    .ARM.Collect$$rtexit$$00000003  c_w.l(rtexit2.o)
    0x080001ce   0x00000006   Code   RO         2353    .ARM.Collect$$rtexit$$00000004  c_w.l(rtexit2.o)
    0x080001d4   0x00000040   Code   RO          271    .text               startup_stm32f10x_hd.o
    0x08000214   0x00000002   Code   RO         2153    .text               c_w.l(use_no_semi_2.o)
    0x08000216   0x00000002   PAD
    0x08000218   0x00000018   Code   RO         2157    .text               c_w.l(noretval__2printf.o)
    0x08000230   0x00000068   Code   RO         2159    .text               c_w.l(__printf.o)
    0x08000298   0x00000058   Code   RO         2164    .text               c_w.l(_printf_hex_int.o)
    0x080002f0   0x00000006   Code   RO         2204    .text               c_w.l(heapauxi.o)
    0x080002f6   0x00000002   Code   RO         2250    .text               c_w.l(use_no_semi.o)
    0x080002f8   0x000000b2   Code   RO         2253    .text               c_w.l(_printf_intcommon.o)
    0x080003aa   0x00000002   PAD
    0x080003ac   0x00000024   Code   RO         2255    .text               c_w.l(_printf_char_file.o)
    0x080003d0   0x00000030   Code   RO         2282    .text               c_w.l(_printf_char_common.o)
    0x08000400   0x00000008   Code   RO         2284    .text               c_w.l(ferror.o)
    0x08000408   0x0000004a   Code   RO         2288    .text               c_w.l(sys_stackheap_outer.o)
    0x08000452   0x0000000c   Code   RO         2292    .text               c_w.l(exit.o)
    0x0800045e   0x00000002   PAD
    0x08000460   0x00000008   Code   RO         2300    .text               c_w.l(libspace.o)
    0x08000468   0x00000016   Code   RO          695    i.ADC_Cmd           stm32f10x_adc.o
    0x0800047e   0x00000002   PAD
    0x08000480   0x0000005c   Code   RO          697    i.ADC_DeInit        stm32f10x_adc.o
    0x080004dc   0x00000014   Code   RO          703    i.ADC_GetCalibrationStatus  stm32f10x_adc.o
    0x080004f0   0x00000008   Code   RO          704    i.ADC_GetConversionValue  stm32f10x_adc.o
    0x080004f8   0x00000012   Code   RO          706    i.ADC_GetFlagStatus  stm32f10x_adc.o
    0x0800050a   0x00000014   Code   RO          709    i.ADC_GetResetCalibrationStatus  stm32f10x_adc.o
    0x0800051e   0x00000002   PAD
    0x08000520   0x00000050   Code   RO          713    i.ADC_Init          stm32f10x_adc.o
    0x08000570   0x000000b8   Code   RO          717    i.ADC_RegularChannelConfig  stm32f10x_adc.o
    0x08000628   0x0000000a   Code   RO          718    i.ADC_ResetCalibration  stm32f10x_adc.o
    0x08000632   0x00000016   Code   RO          720    i.ADC_SoftwareStartConvCmd  stm32f10x_adc.o
    0x08000648   0x0000000a   Code   RO          722    i.ADC_StartCalibration  stm32f10x_adc.o
    0x08000652   0x00000002   PAD
    0x08000654   0x0000008c   Code   RO          370    i.Adc_Init          adc.o
    0x080006e0   0x00000004   Code   RO          134    i.BusFault_Handler  stm32f10x_it.o
    0x080006e4   0x00000028   Code   RO          911    i.DAC_Cmd           stm32f10x_dac.o
    0x0800070c   0x00000024   Code   RO          915    i.DAC_GetDataOutputValue  stm32f10x_dac.o
    0x08000730   0x00000034   Code   RO          916    i.DAC_Init          stm32f10x_dac.o
    0x08000764   0x00000020   Code   RO          917    i.DAC_SetChannel1Data  stm32f10x_dac.o
    0x08000784   0x00000064   Code   RO          394    i.Dac1_Init         dac.o
    0x080007e8   0x00000002   Code   RO          135    i.DebugMon_Handler  stm32f10x_it.o
    0x080007ea   0x00000002   PAD
    0x080007ec   0x00000034   Code   RO         1000    i.FSMC_NORSRAMCmd   stm32f10x_fsmc.o
    0x08000820   0x000000e6   Code   RO         1002    i.FSMC_NORSRAMInit  stm32f10x_fsmc.o
    0x08000906   0x00000116   Code   RO         1115    i.GPIO_Init         stm32f10x_gpio.o
    0x08000a1c   0x00000012   Code   RO         1119    i.GPIO_ReadInputDataBit  stm32f10x_gpio.o
    0x08000a2e   0x00000004   Code   RO         1123    i.GPIO_SetBits      stm32f10x_gpio.o
    0x08000a32   0x00000002   PAD
    0x08000a34   0x00000034   Code   RO          371    i.Get_Adc           adc.o
    0x08000a68   0x0000002e   Code   RO          372    i.Get_Adc_Average   adc.o
    0x08000a96   0x00000004   Code   RO          136    i.HardFault_Handler  stm32f10x_it.o
    0x08000a9a   0x00000002   PAD
    0x08000a9c   0x0000003c   Code   RO          412    i.KEY_Init          key.o
    0x08000ad8   0x000000a4   Code   RO          413    i.KEY_Scan          key.o
    0x08000b7c   0x0000006c   Code   RO          432    i.LCD_Clear         lcd.o
    0x08000be8   0x000001c0   Code   RO          436    i.LCD_Display_Dir   lcd.o
    0x08000da8   0x0000017c   Code   RO          441    i.LCD_Fast_DrawPoint  lcd.o
    0x08000f24   0x0000376c   Code   RO          443    i.LCD_Init          lcd.o
    0x08004690   0x00000016   Code   RO          444    i.LCD_Pow           lcd.o
    0x080046a6   0x00000002   PAD
    0x080046a8   0x00000014   Code   RO          445    i.LCD_RD_DATA       lcd.o
    0x080046bc   0x00000016   Code   RO          447    i.LCD_ReadReg       lcd.o
    0x080046d2   0x00000002   PAD
    0x080046d4   0x00000054   Code   RO          448    i.LCD_SSD_BackLightSet  lcd.o
    0x08004728   0x000002ec   Code   RO          449    i.LCD_Scan_Dir      lcd.o
    0x08004a14   0x000001a8   Code   RO          450    i.LCD_SetCursor     lcd.o
    0x08004bbc   0x0000013c   Code   RO          452    i.LCD_ShowChar      lcd.o
    0x08004cf8   0x00000130   Code   RO          453    i.LCD_ShowChinese   lcd.o
    0x08004e28   0x0000007e   Code   RO          455    i.LCD_ShowString    lcd.o
    0x08004ea6   0x000000be   Code   RO          456    i.LCD_ShowxNum      lcd.o
    0x08004f64   0x0000000c   Code   RO          457    i.LCD_WR_DATA       lcd.o
    0x08004f70   0x0000000c   Code   RO          458    i.LCD_WR_REG        lcd.o
    0x08004f7c   0x00000014   Code   RO          460    i.LCD_WriteRAM_Prepare  lcd.o
    0x08004f90   0x00000010   Code   RO          461    i.LCD_WriteReg      lcd.o
    0x08004fa0   0x0000004c   Code   RO          641    i.LED_Init          led.o
    0x08004fec   0x00000004   Code   RO          137    i.MemManage_Handler  stm32f10x_it.o
    0x08004ff0   0x00000002   Code   RO          138    i.NMI_Handler       stm32f10x_it.o
    0x08004ff2   0x00000002   PAD
    0x08004ff4   0x00000070   Code   RO          653    i.NVIC_Init         misc.o
    0x08005064   0x00000014   Code   RO          654    i.NVIC_PriorityGroupConfig  misc.o
    0x08005078   0x00000002   Code   RO          139    i.PendSV_Handler    stm32f10x_it.o
    0x0800507a   0x00000002   PAD
    0x0800507c   0x00000018   Code   RO         1223    i.RCC_ADCCLKConfig  stm32f10x_rcc.o
    0x08005094   0x00000020   Code   RO         1224    i.RCC_AHBPeriphClockCmd  stm32f10x_rcc.o
    0x080050b4   0x00000020   Code   RO         1225    i.RCC_APB1PeriphClockCmd  stm32f10x_rcc.o
    0x080050d4   0x00000020   Code   RO         1227    i.RCC_APB2PeriphClockCmd  stm32f10x_rcc.o
    0x080050f4   0x00000020   Code   RO         1228    i.RCC_APB2PeriphResetCmd  stm32f10x_rcc.o
    0x08005114   0x000000d4   Code   RO         1235    i.RCC_GetClocksFreq  stm32f10x_rcc.o
    0x080051e8   0x00000002   Code   RO          140    i.SVC_Handler       stm32f10x_it.o
    0x080051ea   0x00000008   Code   RO          223    i.SetSysClock       system_stm32f10x.o
    0x080051f2   0x00000002   PAD
    0x080051f4   0x000000e0   Code   RO          224    i.SetSysClockTo72   system_stm32f10x.o
    0x080052d4   0x00000028   Code   RO          657    i.SysTick_CLKSourceConfig  misc.o
    0x080052fc   0x00000002   Code   RO          141    i.SysTick_Handler   stm32f10x_it.o
    0x080052fe   0x00000002   PAD
    0x08005300   0x00000060   Code   RO          226    i.SystemInit        system_stm32f10x.o
    0x08005360   0x00000088   Code   RO          329    i.USART1_IRQHandler  usart.o
    0x080053e8   0x00000018   Code   RO         1427    i.USART_Cmd         stm32f10x_usart.o
    0x08005400   0x00000054   Code   RO         1431    i.USART_GetITStatus  stm32f10x_usart.o
    0x08005454   0x0000004a   Code   RO         1433    i.USART_ITConfig    stm32f10x_usart.o
    0x0800549e   0x00000002   PAD
    0x080054a0   0x000000d8   Code   RO         1434    i.USART_Init        stm32f10x_usart.o
    0x08005578   0x0000000a   Code   RO         1441    i.USART_ReceiveData  stm32f10x_usart.o
    0x08005582   0x00000004   Code   RO          142    i.UsageFault_Handler  stm32f10x_it.o
    0x08005586   0x00000006   Code   RO          330    i._sys_exit         usart.o
    0x0800558c   0x00000044   Code   RO          275    i.delay_init        delay.o
    0x080055d0   0x0000004c   Code   RO          276    i.delay_ms          delay.o
    0x0800561c   0x0000004c   Code   RO          277    i.delay_us          delay.o
    0x08005668   0x0000001c   Code   RO          331    i.fputc             usart.o
    0x08005684   0x00000290   Code   RO            1    i.main              main.o
    0x08005914   0x000000a0   Code   RO          332    i.uart_init         usart.o
    0x080059b4   0x00000062   Code   RO         2208    x$fpl$d2f           fz_ws.l(d2f.o)
    0x08005a16   0x00000002   PAD
    0x08005a18   0x0000005a   Code   RO         2214    x$fpl$dfixu         fz_ws.l(dfixu.o)
    0x08005a72   0x00000026   Code   RO         2218    x$fpl$dfltu         fz_ws.l(dflt_clz.o)
    0x08005a98   0x00000154   Code   RO         2224    x$fpl$dmul          fz_ws.l(dmul.o)
    0x08005bec   0x0000009c   Code   RO         2258    x$fpl$dnaninf       fz_ws.l(dnaninf.o)
    0x08005c88   0x0000000c   Code   RO         2260    x$fpl$dretinf       fz_ws.l(dretinf.o)
    0x08005c94   0x00000056   Code   RO         2226    x$fpl$f2d           fz_ws.l(f2d.o)
    0x08005cea   0x00000002   PAD
    0x08005cec   0x000000c4   Code   RO         2228    x$fpl$fadd          fz_ws.l(faddsub_clz.o)
    0x08005db0   0x0000003e   Code   RO         2238    x$fpl$ffixu         fz_ws.l(ffixu.o)
    0x08005dee   0x00000002   PAD
    0x08005df0   0x00000026   Code   RO         2242    x$fpl$ffltu         fz_ws.l(fflt_clz.o)
    0x08005e16   0x00000002   PAD
    0x08005e18   0x00000102   Code   RO         2248    x$fpl$fmul          fz_ws.l(fmul.o)
    0x08005f1a   0x0000008c   Code   RO         2262    x$fpl$fnaninf       fz_ws.l(fnaninf.o)
    0x08005fa6   0x0000000a   Code   RO         2264    x$fpl$fretinf       fz_ws.l(fretinf.o)
    0x08005fb0   0x00000014   Code   RO         2229    x$fpl$frsb          fz_ws.l(faddsub_clz.o)
    0x08005fc4   0x000000ea   Code   RO         2230    x$fpl$fsub          fz_ws.l(faddsub_clz.o)
    0x080060ae   0x00000000   Code   RO         2266    x$fpl$usenofp       fz_ws.l(usenofp.o)
    0x080060ae   0x00000002   PAD
    0x080060b0   0x00003e48   Data   RO          464    .constdata          lcd.o
    0x08009ef8   0x00000028   Data   RO         2165    .constdata          c_w.l(_printf_hex_int.o)
    0x08009f20   0x00000057   Data   RO          465    .conststring        lcd.o
    0x08009f77   0x00000001   PAD
    0x08009f78   0x00000020   Data   RO         2422    Region$$Table       anon$$obj.o


    Execution Region RW_IRAM1 (Base: 0x20000000, Size: 0x00000770, Max: 0x00010000, ABSOLUTE)

    Base Addr    Size         Type   Attr      Idx    E Section Name        Object

    0x20000000   0x00000014   Data   RW          227    .data               system_stm32f10x.o
    0x20000014   0x00000004   Data   RW          278    .data               delay.o
    0x20000018   0x00000006   Data   RW          334    .data               usart.o
    0x2000001e   0x00000001   Data   RW          414    .data               key.o
    0x2000001f   0x00000001   PAD
    0x20000020   0x00000004   Data   RW          466    .data               lcd.o
    0x20000024   0x00000014   Data   RW         1255    .data               stm32f10x_rcc.o
    0x20000038   0x000000c8   Zero   RW          333    .bss                usart.o
    0x20000100   0x0000000e   Zero   RW          463    .bss                lcd.o
    0x2000010e   0x00000002   PAD
    0x20000110   0x00000060   Zero   RW         2301    .bss                c_w.l(libspace.o)
    0x20000170   0x00000200   Zero   RW          269    HEAP                startup_stm32f10x_hd.o
    0x20000370   0x00000400   Zero   RW          268    STACK               startup_stm32f10x_hd.o


==============================================================================

Image component sizes


      Code (inc. data)   RO Data    RW Data    ZI Data      Debug   Object Name

       238         12          0          0          0       1623   adc.o
         0          0          0          0          0         32   core_cm3.o
       100          6          0          0          0        548   dac.o
       220         26          0          4          0       1551   delay.o
       224         22          0          1          0       1062   key.o
     17440        204      16031          4         14      21689   lcd.o
        76          8          0          0          0        463   led.o
       656         96          0          0          0     254555   main.o
       172         22          0          0          0       1905   misc.o
        64         26        304          0       1536        768   startup_stm32f10x_hd.o
       486         24          0          0          0       8062   stm32f10x_adc.o
       160         22          0          0          0       2820   stm32f10x_dac.o
       282          6          0          0          0       1701   stm32f10x_fsmc.o
       300          0          0          0          0       2951   stm32f10x_gpio.o
        26          0          0          0          0       3370   stm32f10x_it.o
       364         50          0         20          0       5814   stm32f10x_rcc.o
       408          6          0          0          0       4730   stm32f10x_usart.o
       328         28          0         20          0       1897   system_stm32f10x.o
       330         26          0          6        200       3904   usart.o

    ----------------------------------------------------------------------
     21900        584      16368         56       1752     319445   Object Totals
         0          0         32          0          0          0   (incl. Generated)
        26          0          1          1          2          0   (incl. Padding)

    ----------------------------------------------------------------------

      Code (inc. data)   RO Data    RW Data    ZI Data      Debug   Library Member Name

         8          0          0          0          0         68   __main.o
       104          0          0          0          0         84   __printf.o
         0          0          0          0          0          0   __rtentry.o
        12          0          0          0          0          0   __rtentry2.o
         6          0          0          0          0          0   __rtentry4.o
        52          8          0          0          0          0   __scatter.o
        26          0          0          0          0          0   __scatter_copy.o
        28          0          0          0          0          0   __scatter_zi.o
        48          6          0          0          0         96   _printf_char_common.o
        36          4          0          0          0         80   _printf_char_file.o
        88          4         40          0          0         88   _printf_hex_int.o
       178          0          0          0          0         88   _printf_intcommon.o
         0          0          0          0          0          0   _printf_percent.o
         4          0          0          0          0          0   _printf_percent_end.o
         6          0          0          0          0          0   _printf_x.o
        12          0          0          0          0         72   exit.o
         8          0          0          0          0         68   ferror.o
         6          0          0          0          0        152   heapauxi.o
         2          0          0          0          0          0   libinit.o
         2          0          0          0          0          0   libinit2.o
         2          0          0          0          0          0   libshutdown.o
         2          0          0          0          0          0   libshutdown2.o
         8          4          0          0         96         68   libspace.o
        24          4          0          0          0         84   noretval__2printf.o
         2          0          0          0          0          0   rtexit.o
        10          0          0          0          0          0   rtexit2.o
        74          0          0          0          0         80   sys_stackheap_outer.o
         2          0          0          0          0         68   use_no_semi.o
         2          0          0          0          0         68   use_no_semi_2.o
        98          4          0          0          0         92   d2f.o
        90          4          0          0          0         92   dfixu.o
        38          0          0          0          0         68   dflt_clz.o
       340         12          0          0          0        104   dmul.o
       156          4          0          0          0         92   dnaninf.o
        12          0          0          0          0         68   dretinf.o
        86          4          0          0          0         84   f2d.o
       450          8          0          0          0        236   faddsub_clz.o
        62          4          0          0          0         84   ffixu.o
        38          0          0          0          0         68   fflt_clz.o
       258          4          0          0          0         84   fmul.o
       140          4          0          0          0         84   fnaninf.o
        10          0          0          0          0         68   fretinf.o
         0          0          0          0          0          0   usenofp.o

    ----------------------------------------------------------------------
      2548         78         40          0         96       2388   Library Totals
        18          0          0          0          0          0   (incl. Padding)

    ----------------------------------------------------------------------

      Code (inc. data)   RO Data    RW Data    ZI Data      Debug   Library Name

       752         30         40          0         96       1164   c_w.l
      1778         48          0          0          0       1224   fz_ws.l

    ----------------------------------------------------------------------
      2548         78         40          0         96       2388   Library Totals

    ----------------------------------------------------------------------

==============================================================================


      Code (inc. data)   RO Data    RW Data    ZI Data      Debug   

     24448        662      16408         56       1848     316681   Grand Totals
     24448        662      16408         56       1848     316681   ELF Image Totals
     24448        662      16408         56          0          0   ROM Totals

==============================================================================

    Total RO  Size (Code + RO Data)                40856 (  39.90kB)
    Total RW  Size (RW Data + ZI Data)              1904 (   1.86kB)
    Total ROM Size (Code + RO Data + RW Data)      40912 (  39.95kB)

==============================================================================

