<html>
<body>
<pre>
<h1>µVision Build Log</h1>
<h2>Project:</h2>
E:\stm32_code\Test1\USER\Test1.uvprojx
Project File Date:  05/25/2019

<h2>Output:</h2>
</pre>
</body>
</html>
iling main.c...
compiling stm32f10x_it.c...
compiling system_stm32f10x.c...
compiling core_cm3.c...
assembling startup_stm32f10x_hd.s...
compiling delay.c...
compiling stm32f10x_gpio.c...
compiling misc.c...
compiling stm32f10x_rcc.c...
compiling led.c...
linking...
Program Size: Code=1336 RO-data=336 RW-data=24 ZI-data=1632  
FromELF: creating hex file...
"..\OBJ\Test1.axf" - 0 Error(s), 0 Warning(s).
</pre>
</body>
</html>
